Archive member included to satisfy reference by file (symbol)

c:/progra~2/gnuarm~1/102021~1.10/bin/../lib/gcc/arm-none-eabi/10.3.1/thumb/v7e-m+fp/hard\libgcc.a(_arm_muldf3.o)
                              CMakeFiles/steer_test.elf.dir/Core/Src/IPD.c.obj (__aeabi_dmul)
c:/progra~2/gnuarm~1/102021~1.10/bin/../lib/gcc/arm-none-eabi/10.3.1/thumb/v7e-m+fp/hard\libgcc.a(_arm_addsubdf3.o)
                              CMakeFiles/steer_test.elf.dir/Core/Src/IPD.c.obj (__aeabi_dsub)
c:/progra~2/gnuarm~1/102021~1.10/bin/../lib/gcc/arm-none-eabi/10.3.1/thumb/v7e-m+fp/hard\libgcc.a(_arm_truncdfsf2.o)
                              CMakeFiles/steer_test.elf.dir/Core/Src/IPD.c.obj (__aeabi_d2f)
c:/progra~2/gnuarm~1/102021~1.10/bin/../lib/gcc/arm-none-eabi/10.3.1/thumb/v7e-m+fp/hard\libgcc.a(_aeabi_uldivmod.o)
                              CMakeFiles/steer_test.elf.dir/Drivers/STM32G4xx_HAL_Driver/Src/stm32g4xx_hal_uart.c.obj (__aeabi_uldivmod)
c:/progra~2/gnuarm~1/102021~1.10/bin/../lib/gcc/arm-none-eabi/10.3.1/thumb/v7e-m+fp/hard\libgcc.a(_udivmoddi4.o)
                              c:/progra~2/gnuarm~1/102021~1.10/bin/../lib/gcc/arm-none-eabi/10.3.1/thumb/v7e-m+fp/hard\libgcc.a(_aeabi_uldivmod.o) (__udivmoddi4)
c:/progra~2/gnuarm~1/102021~1.10/bin/../lib/gcc/arm-none-eabi/10.3.1/thumb/v7e-m+fp/hard\libgcc.a(_dvmd_tls.o)
                              c:/progra~2/gnuarm~1/102021~1.10/bin/../lib/gcc/arm-none-eabi/10.3.1/thumb/v7e-m+fp/hard\libgcc.a(_aeabi_uldivmod.o) (__aeabi_ldiv0)
c:/progra~2/gnuarm~1/102021~1.10/bin/../lib/gcc/arm-none-eabi/10.3.1/../../../../arm-none-eabi/lib/thumb/v7e-m+fp/hard\libg.a(lib_a-atoi.o)
                              CMakeFiles/steer_test.elf.dir/Core/Src/main.c.obj (atoi)
c:/progra~2/gnuarm~1/102021~1.10/bin/../lib/gcc/arm-none-eabi/10.3.1/../../../../arm-none-eabi/lib/thumb/v7e-m+fp/hard\libg.a(lib_a-errno.o)
                              CMakeFiles/steer_test.elf.dir/Core/Src/syscalls.c.obj (__errno)
c:/progra~2/gnuarm~1/102021~1.10/bin/../lib/gcc/arm-none-eabi/10.3.1/../../../../arm-none-eabi/lib/thumb/v7e-m+fp/hard\libg.a(lib_a-exit.o)
                              c:/progra~2/gnuarm~1/102021~1.10/bin/../lib/gcc/arm-none-eabi/10.3.1/../../../../arm-none-eabi/lib/thumb/v7e-m+fp/hard/crt0.o (exit)
c:/progra~2/gnuarm~1/102021~1.10/bin/../lib/gcc/arm-none-eabi/10.3.1/../../../../arm-none-eabi/lib/thumb/v7e-m+fp/hard\libg.a(lib_a-impure.o)
                              c:/progra~2/gnuarm~1/102021~1.10/bin/../lib/gcc/arm-none-eabi/10.3.1/../../../../arm-none-eabi/lib/thumb/v7e-m+fp/hard\libg.a(lib_a-exit.o) (_global_impure_ptr)
c:/progra~2/gnuarm~1/102021~1.10/bin/../lib/gcc/arm-none-eabi/10.3.1/../../../../arm-none-eabi/lib/thumb/v7e-m+fp/hard\libg.a(lib_a-init.o)
                              c:/progra~2/gnuarm~1/102021~1.10/bin/../lib/gcc/arm-none-eabi/10.3.1/../../../../arm-none-eabi/lib/thumb/v7e-m+fp/hard/crt0.o (__libc_init_array)
c:/progra~2/gnuarm~1/102021~1.10/bin/../lib/gcc/arm-none-eabi/10.3.1/../../../../arm-none-eabi/lib/thumb/v7e-m+fp/hard\libg.a(lib_a-memset.o)
                              c:/progra~2/gnuarm~1/102021~1.10/bin/../lib/gcc/arm-none-eabi/10.3.1/../../../../arm-none-eabi/lib/thumb/v7e-m+fp/hard/crt0.o (memset)
c:/progra~2/gnuarm~1/102021~1.10/bin/../lib/gcc/arm-none-eabi/10.3.1/../../../../arm-none-eabi/lib/thumb/v7e-m+fp/hard\libg.a(lib_a-printf.o)
                              CMakeFiles/steer_test.elf.dir/Core/Src/main.c.obj (printf)
c:/progra~2/gnuarm~1/102021~1.10/bin/../lib/gcc/arm-none-eabi/10.3.1/../../../../arm-none-eabi/lib/thumb/v7e-m+fp/hard\libg.a(lib_a-puts.o)
                              CMakeFiles/steer_test.elf.dir/Core/Src/main.c.obj (puts)
c:/progra~2/gnuarm~1/102021~1.10/bin/../lib/gcc/arm-none-eabi/10.3.1/../../../../arm-none-eabi/lib/thumb/v7e-m+fp/hard\libg.a(lib_a-setbuf.o)
                              CMakeFiles/steer_test.elf.dir/Core/Src/main.c.obj (setbuf)
c:/progra~2/gnuarm~1/102021~1.10/bin/../lib/gcc/arm-none-eabi/10.3.1/../../../../arm-none-eabi/lib/thumb/v7e-m+fp/hard\libg.a(lib_a-setvbuf.o)
                              c:/progra~2/gnuarm~1/102021~1.10/bin/../lib/gcc/arm-none-eabi/10.3.1/../../../../arm-none-eabi/lib/thumb/v7e-m+fp/hard\libg.a(lib_a-setbuf.o) (setvbuf)
c:/progra~2/gnuarm~1/102021~1.10/bin/../lib/gcc/arm-none-eabi/10.3.1/../../../../arm-none-eabi/lib/thumb/v7e-m+fp/hard\libg.a(lib_a-strlen.o)
                              c:/progra~2/gnuarm~1/102021~1.10/bin/../lib/gcc/arm-none-eabi/10.3.1/../../../../arm-none-eabi/lib/thumb/v7e-m+fp/hard\libg.a(lib_a-puts.o) (strlen)
c:/progra~2/gnuarm~1/102021~1.10/bin/../lib/gcc/arm-none-eabi/10.3.1/../../../../arm-none-eabi/lib/thumb/v7e-m+fp/hard\libg.a(lib_a-strtol.o)
                              c:/progra~2/gnuarm~1/102021~1.10/bin/../lib/gcc/arm-none-eabi/10.3.1/../../../../arm-none-eabi/lib/thumb/v7e-m+fp/hard\libg.a(lib_a-atoi.o) (_strtol_r)
[...]
Memory Configuration

Name             Origin             Length             Attributes
RAM              0x20000000         0x00008000         xrw
FLASH            0x08000000         0x00020000         xr
*default*        0x00000000         0xffffffff

Linker script and memory map

LOAD c:/progra~2/gnuarm~1/102021~1.10/bin/../lib/gcc/arm-none-eabi/10.3.1/thumb/v7e-m+fp/hard/crti.o
LOAD c:/progra~2/gnuarm~1/102021~1.10/bin/../lib/gcc/arm-none-eabi/10.3.1/thumb/v7e-m+fp/hard/crtbegin.o
LOAD c:/progra~2/gnuarm~1/102021~1.10/bin/../lib/gcc/arm-none-eabi/10.3.1/../../../../arm-none-eabi/lib/thumb/v7e-m+fp/hard/crt0.o
LOAD CMakeFiles/steer_test.elf.dir/Core/Src/IPD.c.obj
LOAD CMakeFiles/steer_test.elf.dir/Core/Src/PID.c.obj
LOAD CMakeFiles/steer_test.elf.dir/Core/Src/PID_anti_windup.c.obj
LOAD CMakeFiles/steer_test.elf.dir/Core/Src/PID_speed-form.c.obj
LOAD CMakeFiles/steer_test.elf.dir/Core/Src/main.c.obj
LOAD CMakeFiles/steer_test.elf.dir/Core/Src/stm32g4xx_hal_msp.c.obj
LOAD CMakeFiles/steer_test.elf.dir/Core/Src/stm32g4xx_hal_timebase_tim.c.obj
LOAD CMakeFiles/steer_test.elf.dir/Core/Src/stm32g4xx_it.c.obj
LOAD CMakeFiles/steer_test.elf.dir/Core/Src/syscalls.c.obj
LOAD CMakeFiles/steer_test.elf.dir/Core/Src/sysmem.c.obj
LOAD CMakeFiles/steer_test.elf.dir/Core/Src/system_stm32g4xx.c.obj
LOAD CMakeFiles/steer_test.elf.dir/Core/Startup/startup_stm32g431kbtx.s.obj
LOAD CMakeFiles/steer_test.elf.dir/Drivers/STM32G4xx_HAL_Driver/Src/stm32g4xx_hal.c.obj
LOAD CMakeFiles/steer_test.elf.dir/Drivers/STM32G4xx_HAL_Driver/Src/stm32g4xx_hal_cortex.c.obj
LOAD CMakeFiles/steer_test.elf.dir/Drivers/STM32G4xx_HAL_Driver/Src/stm32g4xx_hal_dma.c.obj
LOAD CMakeFiles/steer_test.elf.dir/Drivers/STM32G4xx_HAL_Driver/Src/stm32g4xx_hal_dma_ex.c.obj
LOAD CMakeFiles/steer_test.elf.dir/Drivers/STM32G4xx_HAL_Driver/Src/stm32g4xx_hal_exti.c.obj
LOAD CMakeFiles/steer_test.elf.dir/Drivers/STM32G4xx_HAL_Driver/Src/stm32g4xx_hal_flash.c.obj
LOAD CMakeFiles/steer_test.elf.dir/Drivers/STM32G4xx_HAL_Driver/Src/stm32g4xx_hal_flash_ex.c.obj
LOAD CMakeFiles/steer_test.elf.dir/Drivers/STM32G4xx_HAL_Driver/Src/stm32g4xx_hal_flash_ramfunc.c.obj
LOAD CMakeFiles/steer_test.elf.dir/Drivers/STM32G4xx_HAL_Driver/Src/stm32g4xx_hal_gpio.c.obj
LOAD CMakeFiles/steer_test.elf.dir/Drivers/STM32G4xx_HAL_Driver/Src/stm32g4xx_hal_pwr.c.obj
LOAD CMakeFiles/steer_test.elf.dir/Drivers/STM32G4xx_HAL_Driver/Src/stm32g4xx_hal_pwr_ex.c.obj
LOAD CMakeFiles/steer_test.elf.dir/Drivers/STM32G4xx_HAL_Driver/Src/stm32g4xx_hal_rcc.c.obj
LOAD CMakeFiles/steer_test.elf.dir/Drivers/STM32G4xx_HAL_Driver/Src/stm32g4xx_hal_rcc_ex.c.obj
LOAD CMakeFiles/steer_test.elf.dir/Drivers/STM32G4xx_HAL_Driver/Src/stm32g4xx_hal_tim.c.obj
LOAD CMakeFiles/steer_test.elf.dir/Drivers/STM32G4xx_HAL_Driver/Src/stm32g4xx_hal_tim_ex.c.obj
LOAD CMakeFiles/steer_test.elf.dir/Drivers/STM32G4xx_HAL_Driver/Src/stm32g4xx_hal_uart.c.obj
LOAD CMakeFiles/steer_test.elf.dir/Drivers/STM32G4xx_HAL_Driver/Src/stm32g4xx_hal_uart_ex.c.obj
START GROUP
LOAD c:/progra~2/gnuarm~1/102021~1.10/bin/../lib/gcc/arm-none-eabi/10.3.1/thumb/v7e-m+fp/hard\libgcc.a
LOAD c:/progra~2/gnuarm~1/102021~1.10/bin/../lib/gcc/arm-none-eabi/10.3.1/../../../../arm-none-eabi/lib/thumb/v7e-m+fp/hard\libg.a
LOAD c:/progra~2/gnuarm~1/102021~1.10/bin/../lib/gcc/arm-none-eabi/10.3.1/../../../../arm-none-eabi/lib/thumb/v7e-m+fp/hard\libc.a
END GROUP
LOAD c:/progra~2/gnuarm~1/102021~1.10/bin/../lib/gcc/arm-none-eabi/10.3.1/thumb/v7e-m+fp/hard/crtend.o
LOAD c:/progra~2/gnuarm~1/102021~1.10/bin/../lib/gcc/arm-none-eabi/10.3.1/thumb/v7e-m+fp/hard/crtn.o
                0x20008000                _estack = (ORIGIN (RAM) + LENGTH (RAM))
                0x00000200                _Min_Heap_Size = 0x200
                0x00000400                _Min_Stack_Size = 0x400

.isr_vector     0x08000000      0x1d8
                0x08000000                . = ALIGN (0x4)
 *(.isr_vector)
 .isr_vector    0x08000000      0x1d8 CMakeFiles/steer_test.elf.dir/Core/Startup/startup_stm32g431kbtx.s.obj
                0x08000000                g_pfnVectors
                0x080001d8                . = ALIGN (0x4)

.text           0x08000200     0xb360
                0x08000200                . = ALIGN (0x4)
 *(.text)
 .text          0x08000200       0x40 c:/progra~2/gnuarm~1/102021~1.10/bin/../lib/gcc/arm-none-eabi/10.3.1/thumb/v7e-m+fp/hard/crtbegin.o
 .text          0x08000240      0x378 c:/progra~2/gnuarm~1/102021~1.10/bin/../lib/gcc/arm-none-eabi/10.3.1/thumb/v7e-m+fp/hard\libgcc.a(_arm_addsubdf3.o)
                0x08000240                __aeabi_drsub
                0x08000248                __aeabi_dsub
                0x08000248                __subdf3
                0x0800024c                __aeabi_dadd
                0x0800024c                __adddf3
                0x080004c4                __floatunsidf
                0x080004c4                __aeabi_ui2d
                0x080004e4                __floatsidf
                0x080004e4                __aeabi_i2d
                0x08000508                __aeabi_f2d
                0x08000508                __extendsfdf2
                0x0800054c                __floatundidf
                0x0800054c                __aeabi_ul2d
                0x0800055c                __floatdidf
                0x0800055c                __aeabi_l2d
 .text          0x080005b8       0xa0 c:/progra~2/gnuarm~1/102021~1.10/bin/../lib/gcc/arm-none-eabi/10.3.1/thumb/v7e-m+fp/hard\libgcc.a(_arm_truncdfsf2.o)
                0x080005b8                __truncdfsf2
                0x080005b8                __aeabi_d2f
 .text          0x08000658       0x30 c:/progra~2/gnuarm~1/102021~1.10/bin/../lib/gcc/arm-none-eabi/10.3.1/thumb/v7e-m+fp/hard\libgcc.a(_aeabi_uldivmod.o)
                0x08000658                __aeabi_uldivmod
 .text          0x08000688      0x2d0 c:/progra~2/gnuarm~1/102021~1.10/bin/../lib/gcc/arm-none-eabi/10.3.1/thumb/v7e-m+fp/hard\libgcc.a(_udivmoddi4.o)
                0x08000688                __udivmoddi4
 .text          0x08000958        0x4 c:/progra~2/gnuarm~1/102021~1.10/bin/../lib/gcc/arm-none-eabi/10.3.1/thumb/v7e-m+fp/hard\libgcc.a(_dvmd_tls.o)
                0x08000958                __aeabi_idiv0
                0x08000958                __aeabi_ldiv0
 *fill*         0x0800095c       0x24 
 .text          0x08000980       0xdc c:/progra~2/gnuarm~1/102021~1.10/bin/../lib/gcc/arm-none-eabi/10.3.1/../../../../arm-none-eabi/lib/thumb/v7e-m+fp/hard\libg.a(lib_a-strlen.o)
                0x08000980                strlen
 *fill*         0x08000a5c        0x4 
 .text          0x08000a60       0xa0 c:/progra~2/gnuarm~1/102021~1.10/bin/../lib/gcc/arm-none-eabi/10.3.1/../../../../arm-none-eabi/lib/thumb/v7e-m+fp/hard\libg.a(lib_a-memchr.o)
                0x08000a60                memchr
 .text          0x08000b00      0x134 c:/progra~2/gnuarm~1/102021~1.10/bin/../lib/gcc/arm-none-eabi/10.3.1/../../../../arm-none-eabi/lib/thumb/v7e-m+fp/hard\libg.a(lib_a-memcpy.o)
                0x08000b00                memcpy
 .text          0x08000c34      0x424 c:/progra~2/gnuarm~1/102021~1.10/bin/../lib/gcc/arm-none-eabi/10.3.1/thumb/v7e-m+fp/hard\libgcc.a(_arm_muldivdf3.o)
                0x08000c34                __aeabi_dmul
                0x08000c34                __muldf3
                0x08000e88                __divdf3
                0x08000e88                __aeabi_ddiv
 .text          0x08001058      0x110 c:/progra~2/gnuarm~1/102021~1.10/bin/../lib/gcc/arm-none-eabi/10.3.1/thumb/v7e-m+fp/hard\libgcc.a(_arm_cmpdf2.o)
                0x08001058                __gtdf2
                0x08001058                __gedf2
                0x08001060                __ltdf2
                0x08001060                __ledf2
                0x08001068                __nedf2
                0x08001068                __eqdf2
                0x08001068                __cmpdf2
                0x080010e4                __aeabi_cdrcmple
                0x080010f4                __aeabi_cdcmpeq
                0x080010f4                __aeabi_cdcmple
                0x08001104                __aeabi_dcmpeq
                0x08001118                __aeabi_dcmplt
                0x0800112c                __aeabi_dcmple
                0x08001140                __aeabi_dcmpge
                0x08001154                __aeabi_dcmpgt
 .text          0x08001168       0x2c c:/progra~2/gnuarm~1/102021~1.10/bin/../lib/gcc/arm-none-eabi/10.3.1/thumb/v7e-m+fp/hard\libgcc.a(_arm_unorddf2.o)
                0x08001168                __unorddf2
                0x08001168                __aeabi_dcmpun
 .text          0x08001194       0x50 c:/progra~2/gnuarm~1/102021~1.10/bin/../lib/gcc/arm-none-eabi/10.3.1/thumb/v7e-m+fp/hard\libgcc.a(_arm_fixdfsi.o)
                0x08001194                __aeabi_d2iz
                0x08001194                __fixdfsi
 *(.text*)
 .text.calc_output_PID_AW
                0x080011e4      0x148 CMakeFiles/steer_test.elf.dir/Core/Src/PID_anti_windup.c.obj
                0x080011e4                calc_output_PID_AW
 .text.reset_pid_vars
                0x0800132c       0x4c CMakeFiles/steer_test.elf.dir/Core/Src/PID_anti_windup.c.obj
                0x0800132c                reset_pid_vars
 .text.MX_GPIO_Init
                0x08001378       0x8c CMakeFiles/steer_test.elf.dir/Core/Src/main.c.obj
 .text._write   0x08001404       0x18 CMakeFiles/steer_test.elf.dir/Core/Src/main.c.obj
                0x08001404                _write
 .text.HAL_GPIO_EXTI_Callback
                0x0800141c       0x7c CMakeFiles/steer_test.elf.dir/Core/Src/main.c.obj
                0x0800141c                HAL_GPIO_EXTI_Callback
 .text.goto_angle
                0x08001498      0x110 CMakeFiles/steer_test.elf.dir/Core/Src/main.c.obj
                0x08001498                goto_angle
 .text.initial_pos_calibration
                0x080015a8       0x58 CMakeFiles/steer_test.elf.dir/Core/Src/main.c.obj
                0x080015a8                initial_pos_calibration
 .text.HAL_UART_RxCpltCallback
                0x08001600       0x54 CMakeFiles/steer_test.elf.dir/Core/Src/main.c.obj
                0x08001600                HAL_UART_RxCpltCallback
 *fill*         0x08001654        0x4 
 .text.HAL_TIM_PeriodElapsedCallback
                0x08001658      0x1d8 CMakeFiles/steer_test.elf.dir/Core/Src/main.c.obj
                0x08001658                HAL_TIM_PeriodElapsedCallback
 .text.Error_Handler
                0x08001830        0x4 CMakeFiles/steer_test.elf.dir/Core/Src/main.c.obj
                0x08001830                Error_Handler
 .text.MX_TIM1_Init
                0x08001834       0x68 CMakeFiles/steer_test.elf.dir/Core/Src/main.c.obj
 .text.MX_TIM2_Init
                0x0800189c       0x68 CMakeFiles/steer_test.elf.dir/Core/Src/main.c.obj
 .text.MX_USART2_UART_Init
                0x08001904       0x60 CMakeFiles/steer_test.elf.dir/Core/Src/main.c.obj
 .text.MX_TIM3_Init
                0x08001964       0xa4 CMakeFiles/steer_test.elf.dir/Core/Src/main.c.obj
 .text.MX_TIM4_Init
                0x08001a08       0x6c CMakeFiles/steer_test.elf.dir/Core/Src/main.c.obj
 .text.SystemClock_Config
                0x08001a74       0x8e CMakeFiles/steer_test.elf.dir/Core/Src/main.c.obj
                0x08001a74                SystemClock_Config
 *fill*         0x08001b02        0x2 
 .text.main     0x08001b04       0x9c CMakeFiles/steer_test.elf.dir/Core/Src/main.c.obj
                0x08001b04                main
 .text.HAL_MspInit
                0x08001ba0       0x38 CMakeFiles/steer_test.elf.dir/Core/Src/stm32g4xx_hal_msp.c.obj
                0x08001ba0                HAL_MspInit
 .text.HAL_TIM_Encoder_MspInit
                0x08001bd8       0x74 CMakeFiles/steer_test.elf.dir/Core/Src/stm32g4xx_hal_msp.c.obj
                0x08001bd8                HAL_TIM_Encoder_MspInit
 .text.HAL_TIM_Base_MspInit
                0x08001c4c       0x90 CMakeFiles/steer_test.elf.dir/Core/Src/stm32g4xx_hal_msp.c.obj
                0x08001c4c                HAL_TIM_Base_MspInit
 .text.HAL_TIM_MspPostInit
                0x08001cdc       0x50 CMakeFiles/steer_test.elf.dir/Core/Src/stm32g4xx_hal_msp.c.obj
                0x08001cdc                HAL_TIM_MspPostInit
 .text.HAL_UART_MspInit
                0x08001d2c       0x74 CMakeFiles/steer_test.elf.dir/Core/Src/stm32g4xx_hal_msp.c.obj
                0x08001d2c                HAL_UART_MspInit
 .text.HAL_InitTick
                0x08001da0       0x94 CMakeFiles/steer_test.elf.dir/Core/Src/stm32g4xx_hal_timebase_tim.c.obj
                0x08001da0                HAL_InitTick
 .text.NMI_Handler
                0x08001e34        0x2 CMakeFiles/steer_test.elf.dir/Core/Src/stm32g4xx_it.c.obj
                0x08001e34                NMI_Handler
 .text.HardFault_Handler
                0x08001e36        0x2 CMakeFiles/steer_test.elf.dir/Core/Src/stm32g4xx_it.c.obj
                0x08001e36                HardFault_Handler
 .text.MemManage_Handler
                0x08001e38        0x2 CMakeFiles/steer_test.elf.dir/Core/Src/stm32g4xx_it.c.obj
                0x08001e38                MemManage_Handler
 .text.BusFault_Handler
                0x08001e3a        0x2 CMakeFiles/steer_test.elf.dir/Core/Src/stm32g4xx_it.c.obj
                0x08001e3a                BusFault_Handler
 .text.UsageFault_Handler
                0x08001e3c        0x2 CMakeFiles/steer_test.elf.dir/Core/Src/stm32g4xx_it.c.obj
                0x08001e3c                UsageFault_Handler
 .text.SVC_Handler
                0x08001e3e        0x2 CMakeFiles/steer_test.elf.dir/Core/Src/stm32g4xx_it.c.obj
                0x08001e3e                SVC_Handler
 .text.DebugMon_Handler
                0x08001e40        0x2 CMakeFiles/steer_test.elf.dir/Core/Src/stm32g4xx_it.c.obj
                0x08001e40                DebugMon_Handler
 .text.PendSV_Handler
                0x08001e42        0x2 CMakeFiles/steer_test.elf.dir/Core/Src/stm32g4xx_it.c.obj
                0x08001e42                PendSV_Handler
 .text.SysTick_Handler
                0x08001e44        0x2 CMakeFiles/steer_test.elf.dir/Core/Src/stm32g4xx_it.c.obj
                0x08001e44                SysTick_Handler
 .text.EXTI0_IRQHandler
                0x08001e46        0xa CMakeFiles/steer_test.elf.dir/Core/Src/stm32g4xx_it.c.obj
                0x08001e46                EXTI0_IRQHandler
 .text.TIM1_BRK_TIM15_IRQHandler
                0x08001e50       0x18 CMakeFiles/steer_test.elf.dir/Core/Src/stm32g4xx_it.c.obj
                0x08001e50                TIM1_BRK_TIM15_IRQHandler
 .text.TIM2_IRQHandler
                0x08001e68       0x10 CMakeFiles/steer_test.elf.dir/Core/Src/stm32g4xx_it.c.obj
                0x08001e68                TIM2_IRQHandler
 .text.TIM4_IRQHandler
                0x08001e78       0x10 CMakeFiles/steer_test.elf.dir/Core/Src/stm32g4xx_it.c.obj
                0x08001e78                TIM4_IRQHandler
 .text.USART2_IRQHandler
                0x08001e88       0x10 CMakeFiles/steer_test.elf.dir/Core/Src/stm32g4xx_it.c.obj
                0x08001e88                USART2_IRQHandler
 .text._getpid  0x08001e98        0x4 CMakeFiles/steer_test.elf.dir/Core/Src/syscalls.c.obj
                0x08001e98                _getpid
 .text._kill    0x08001e9c       0x10 CMakeFiles/steer_test.elf.dir/Core/Src/syscalls.c.obj
                0x08001e9c                _kill
 .text._exit    0x08001eac        0xc CMakeFiles/steer_test.elf.dir/Core/Src/syscalls.c.obj
                0x08001eac                _exit
 .text._read    0x08001eb8       0x20 CMakeFiles/steer_test.elf.dir/Core/Src/syscalls.c.obj
                0x08001eb8                _read
 .text._close   0x08001ed8        0x6 CMakeFiles/steer_test.elf.dir/Core/Src/syscalls.c.obj
                0x08001ed8                _close
 .text._fstat   0x08001ede        0xa CMakeFiles/steer_test.elf.dir/Core/Src/syscalls.c.obj
                0x08001ede                _fstat
 .text._isatty  0x08001ee8        0x4 CMakeFiles/steer_test.elf.dir/Core/Src/syscalls.c.obj
                0x08001ee8                _isatty
 .text._lseek   0x08001eec        0x4 CMakeFiles/steer_test.elf.dir/Core/Src/syscalls.c.obj
                0x08001eec                _lseek
 .text._sbrk    0x08001ef0       0x48 CMakeFiles/steer_test.elf.dir/Core/Src/sysmem.c.obj
                0x08001ef0                _sbrk
 .text.SystemInit
                0x08001f38       0x14 CMakeFiles/steer_test.elf.dir/Core/Src/system_stm32g4xx.c.obj
                0x08001f38                SystemInit
 .text.Reset_Handler
                0x08001f4c       0x50 CMakeFiles/steer_test.elf.dir/Core/Startup/startup_stm32g431kbtx.s.obj
                0x08001f4c                Reset_Handler
 .text.Default_Handler
                0x08001f9c        0x2 CMakeFiles/steer_test.elf.dir/Core/Startup/startup_stm32g431kbtx.s.obj
                0x08001f9c                RTC_Alarm_IRQHandler
                0x08001f9c                EXTI2_IRQHandler
                0x08001f9c                TIM8_TRG_COM_IRQHandler
                0x08001f9c                TIM8_CC_IRQHandler
                0x08001f9c                TIM1_CC_IRQHandler
                0x08001f9c                USB_HP_IRQHandler
                0x08001f9c                CORDIC_IRQHandler
                0x08001f9c                EXTI3_IRQHandler
                0x08001f9c                I2C3_ER_IRQHandler
                0x08001f9c                I2C2_EV_IRQHandler
                0x08001f9c                FPU_IRQHandler
                0x08001f9c                FDCAN1_IT1_IRQHandler
                0x08001f9c                TIM1_UP_TIM16_IRQHandler
                0x08001f9c                ADC1_2_IRQHandler
                0x08001f9c                SPI1_IRQHandler
                0x08001f9c                TIM6_DAC_IRQHandler
                0x08001f9c                TIM8_UP_IRQHandler
                0x08001f9c                DMA2_Channel2_IRQHandler
                0x08001f9c                DMA1_Channel4_IRQHandler
                0x08001f9c                USART3_IRQHandler
                0x08001f9c                DMA2_Channel1_IRQHandler
                0x08001f9c                I2C1_EV_IRQHandler
                0x08001f9c                DMA1_Channel6_IRQHandler
                0x08001f9c                UART4_IRQHandler
                0x08001f9c                DMA2_Channel4_IRQHandler
                0x08001f9c                TIM3_IRQHandler
                0x08001f9c                RCC_IRQHandler
                0x08001f9c                DMA1_Channel1_IRQHandler
                0x08001f9c                Default_Handler
                0x08001f9c                RTC_TAMP_LSECSS_IRQHandler
                0x08001f9c                FMAC_IRQHandler
                0x08001f9c                EXTI15_10_IRQHandler
                0x08001f9c                TIM7_IRQHandler
                0x08001f9c                UCPD1_IRQHandler
                0x08001f9c                I2C3_EV_IRQHandler
                0x08001f9c                EXTI9_5_IRQHandler
                0x08001f9c                RTC_WKUP_IRQHandler
                0x08001f9c                PVD_PVM_IRQHandler
                0x08001f9c                SPI2_IRQHandler
                0x08001f9c                DMA2_Channel5_IRQHandler
                0x08001f9c                CRS_IRQHandler
                0x08001f9c                DMA1_Channel5_IRQHandler
                0x08001f9c                USB_LP_IRQHandler
                0x08001f9c                EXTI4_IRQHandler
                0x08001f9c                RNG_IRQHandler
                0x08001f9c                TIM1_TRG_COM_TIM17_IRQHandler
                0x08001f9c                DMA1_Channel3_IRQHandler
                0x08001f9c                WWDG_IRQHandler
                0x08001f9c                LPUART1_IRQHandler
                0x08001f9c                DMA2_Channel6_IRQHandler
                0x08001f9c                FDCAN1_IT0_IRQHandler
                0x08001f9c                COMP1_2_3_IRQHandler
                0x08001f9c                EXTI1_IRQHandler
                0x08001f9c                I2C2_ER_IRQHandler
                0x08001f9c                DMA1_Channel2_IRQHandler
                0x08001f9c                TIM8_BRK_IRQHandler
                0x08001f9c                FLASH_IRQHandler
                0x08001f9c                USART1_IRQHandler
                0x08001f9c                SPI3_IRQHandler
                0x08001f9c                I2C1_ER_IRQHandler
                0x08001f9c                LPTIM1_IRQHandler
                0x08001f9c                DMAMUX_OVR_IRQHandler
                0x08001f9c                USBWakeUp_IRQHandler
                0x08001f9c                SAI1_IRQHandler
                0x08001f9c                DMA2_Channel3_IRQHandler
                0x08001f9c                COMP4_IRQHandler
 .text.HAL_Init
                0x08001f9e       0x1e CMakeFiles/steer_test.elf.dir/Drivers/STM32G4xx_HAL_Driver/Src/stm32g4xx_hal.c.obj
                0x08001f9e                HAL_Init
 .text.HAL_IncTick
                0x08001fbc       0x18 CMakeFiles/steer_test.elf.dir/Drivers/STM32G4xx_HAL_Driver/Src/stm32g4xx_hal.c.obj
                0x08001fbc                HAL_IncTick
 .text.HAL_GetTick
                0x08001fd4        0xc CMakeFiles/steer_test.elf.dir/Drivers/STM32G4xx_HAL_Driver/Src/stm32g4xx_hal.c.obj
                0x08001fd4                HAL_GetTick
 .text.HAL_Delay
                0x08001fe0       0x28 CMakeFiles/steer_test.elf.dir/Drivers/STM32G4xx_HAL_Driver/Src/stm32g4xx_hal.c.obj
                0x08001fe0                HAL_Delay
 .text.HAL_NVIC_SetPriorityGrouping
                0x08002008       0x24 CMakeFiles/steer_test.elf.dir/Drivers/STM32G4xx_HAL_Driver/Src/stm32g4xx_hal_cortex.c.obj
                0x08002008                HAL_NVIC_SetPriorityGrouping
 .text.HAL_NVIC_SetPriority
                0x0800202c       0x70 CMakeFiles/steer_test.elf.dir/Drivers/STM32G4xx_HAL_Driver/Src/stm32g4xx_hal_cortex.c.obj
                0x0800202c                HAL_NVIC_SetPriority
 .text.HAL_NVIC_EnableIRQ
                0x0800209c       0x1c CMakeFiles/steer_test.elf.dir/Drivers/STM32G4xx_HAL_Driver/Src/stm32g4xx_hal_cortex.c.obj
                0x0800209c                HAL_NVIC_EnableIRQ
 .text.HAL_DMA_Abort
                0x080020b8       0x6c CMakeFiles/steer_test.elf.dir/Drivers/STM32G4xx_HAL_Driver/Src/stm32g4xx_hal_dma.c.obj
                0x080020b8                HAL_DMA_Abort
 .text.HAL_DMA_Abort_IT
                0x08002124       0x7e CMakeFiles/steer_test.elf.dir/Drivers/STM32G4xx_HAL_Driver/Src/stm32g4xx_hal_dma.c.obj
                0x08002124                HAL_DMA_Abort_IT
 *fill*         0x080021a2        0x2 
 .text.HAL_GPIO_Init
                0x080021a4      0x1b4 CMakeFiles/steer_test.elf.dir/Drivers/STM32G4xx_HAL_Driver/Src/stm32g4xx_hal_gpio.c.obj
                0x080021a4                HAL_GPIO_Init
 .text.HAL_GPIO_WritePin
                0x08002358        0xa CMakeFiles/steer_test.elf.dir/Drivers/STM32G4xx_HAL_Driver/Src/stm32g4xx_hal_gpio.c.obj
                0x08002358                HAL_GPIO_WritePin
 *fill*         0x08002362        0x2 
 .text.HAL_GPIO_EXTI_IRQHandler
                0x08002364       0x1c CMakeFiles/steer_test.elf.dir/Drivers/STM32G4xx_HAL_Driver/Src/stm32g4xx_hal_gpio.c.obj
                0x08002364                HAL_GPIO_EXTI_IRQHandler
 .text.HAL_PWREx_ControlVoltageScaling
                0x08002380      0x10c CMakeFiles/steer_test.elf.dir/Drivers/STM32G4xx_HAL_Driver/Src/stm32g4xx_hal_pwr_ex.c.obj
                0x08002380                HAL_PWREx_ControlVoltageScaling
 .text.HAL_PWREx_DisableUCPDDeadBattery
                0x0800248c       0x10 CMakeFiles/steer_test.elf.dir/Drivers/STM32G4xx_HAL_Driver/Src/stm32g4xx_hal_pwr_ex.c.obj
                0x0800248c                HAL_PWREx_DisableUCPDDeadBattery
 .text.RCC_GetSysClockFreqFromPLLSource
                0x0800249c       0x58 CMakeFiles/steer_test.elf.dir/Drivers/STM32G4xx_HAL_Driver/Src/stm32g4xx_hal_rcc.c.obj
 .text.HAL_RCC_OscConfig
                0x080024f4      0x4e8 CMakeFiles/steer_test.elf.dir/Drivers/STM32G4xx_HAL_Driver/Src/stm32g4xx_hal_rcc.c.obj
                0x080024f4                HAL_RCC_OscConfig
 .text.HAL_RCC_GetSysClockFreq
                0x080029dc       0x88 CMakeFiles/steer_test.elf.dir/Drivers/STM32G4xx_HAL_Driver/Src/stm32g4xx_hal_rcc.c.obj
                0x080029dc                HAL_RCC_GetSysClockFreq
 .text.HAL_RCC_ClockConfig
                0x08002a64      0x1f8 CMakeFiles/steer_test.elf.dir/Drivers/STM32G4xx_HAL_Driver/Src/stm32g4xx_hal_rcc.c.obj
                0x08002a64                HAL_RCC_ClockConfig
 .text.HAL_RCC_GetHCLKFreq
                0x08002c5c        0xc CMakeFiles/steer_test.elf.dir/Drivers/STM32G4xx_HAL_Driver/Src/stm32g4xx_hal_rcc.c.obj
                0x08002c5c                HAL_RCC_GetHCLKFreq
 .text.HAL_RCC_GetPCLK1Freq
                0x08002c68       0x24 CMakeFiles/steer_test.elf.dir/Drivers/STM32G4xx_HAL_Driver/Src/stm32g4xx_hal_rcc.c.obj
                0x08002c68                HAL_RCC_GetPCLK1Freq
 .text.HAL_RCC_GetPCLK2Freq
                0x08002c8c       0x24 CMakeFiles/steer_test.elf.dir/Drivers/STM32G4xx_HAL_Driver/Src/stm32g4xx_hal_rcc.c.obj
                0x08002c8c                HAL_RCC_GetPCLK2Freq
 .text.HAL_RCC_GetClockConfig
                0x08002cb0       0x3c CMakeFiles/steer_test.elf.dir/Drivers/STM32G4xx_HAL_Driver/Src/stm32g4xx_hal_rcc.c.obj
                0x08002cb0                HAL_RCC_GetClockConfig
 .text.HAL_RCCEx_PeriphCLKConfig
                0x08002cec      0x2e4 CMakeFiles/steer_test.elf.dir/Drivers/STM32G4xx_HAL_Driver/Src/stm32g4xx_hal_rcc_ex.c.obj
                0x08002cec                HAL_RCCEx_PeriphCLKConfig
 .text.TIM_OC1_SetConfig
                0x08002fd0       0xa0 CMakeFiles/steer_test.elf.dir/Drivers/STM32G4xx_HAL_Driver/Src/stm32g4xx_hal_tim.c.obj
 .text.TIM_OC3_SetConfig
                0x08003070       0x8c CMakeFiles/steer_test.elf.dir/Drivers/STM32G4xx_HAL_Driver/Src/stm32g4xx_hal_tim.c.obj
 .text.TIM_OC4_SetConfig
                0x080030fc       0x8c CMakeFiles/steer_test.elf.dir/Drivers/STM32G4xx_HAL_Driver/Src/stm32g4xx_hal_tim.c.obj
 .text.TIM_OC5_SetConfig
                0x08003188       0x68 CMakeFiles/steer_test.elf.dir/Drivers/STM32G4xx_HAL_Driver/Src/stm32g4xx_hal_tim.c.obj
 .text.TIM_OC6_SetConfig
                0x080031f0       0x6c CMakeFiles/steer_test.elf.dir/Drivers/STM32G4xx_HAL_Driver/Src/stm32g4xx_hal_tim.c.obj
 .text.TIM_TI1_ConfigInputStage
                0x0800325c       0x26 CMakeFiles/steer_test.elf.dir/Drivers/STM32G4xx_HAL_Driver/Src/stm32g4xx_hal_tim.c.obj
 .text.TIM_TI2_ConfigInputStage
                0x08003282       0x28 CMakeFiles/steer_test.elf.dir/Drivers/STM32G4xx_HAL_Driver/Src/stm32g4xx_hal_tim.c.obj
 .text.TIM_ITRx_SetConfig
                0x080032aa       0x14 CMakeFiles/steer_test.elf.dir/Drivers/STM32G4xx_HAL_Driver/Src/stm32g4xx_hal_tim.c.obj
 *fill*         0x080032be        0x2 
 .text.HAL_TIM_Base_Start_IT
                0x080032c0       0x84 CMakeFiles/steer_test.elf.dir/Drivers/STM32G4xx_HAL_Driver/Src/stm32g4xx_hal_tim.c.obj
                0x080032c0                HAL_TIM_Base_Start_IT
 .text.HAL_TIM_Base_Stop_IT
                0x08003344       0x32 CMakeFiles/steer_test.elf.dir/Drivers/STM32G4xx_HAL_Driver/Src/stm32g4xx_hal_tim.c.obj
                0x08003344                HAL_TIM_Base_Stop_IT
 .text.HAL_TIM_PWM_MspInit
                0x08003376        0x2 CMakeFiles/steer_test.elf.dir/Drivers/STM32G4xx_HAL_Driver/Src/stm32g4xx_hal_tim.c.obj
                0x08003376                HAL_TIM_PWM_MspInit
 .text.HAL_TIM_OC_DelayElapsedCallback
                0x08003378        0x2 CMakeFiles/steer_test.elf.dir/Drivers/STM32G4xx_HAL_Driver/Src/stm32g4xx_hal_tim.c.obj
                0x08003378                HAL_TIM_OC_DelayElapsedCallback
 .text.HAL_TIM_IC_CaptureCallback
                0x0800337a        0x2 CMakeFiles/steer_test.elf.dir/Drivers/STM32G4xx_HAL_Driver/Src/stm32g4xx_hal_tim.c.obj
                0x0800337a                HAL_TIM_IC_CaptureCallback
 .text.HAL_TIM_PWM_PulseFinishedCallback
                0x0800337c        0x2 CMakeFiles/steer_test.elf.dir/Drivers/STM32G4xx_HAL_Driver/Src/stm32g4xx_hal_tim.c.obj
                0x0800337c                HAL_TIM_PWM_PulseFinishedCallback
 .text.HAL_TIM_TriggerCallback
                0x0800337e        0x2 CMakeFiles/steer_test.elf.dir/Drivers/STM32G4xx_HAL_Driver/Src/stm32g4xx_hal_tim.c.obj
                0x0800337e                HAL_TIM_TriggerCallback
 .text.HAL_TIM_IRQHandler
                0x08003380      0x21e CMakeFiles/steer_test.elf.dir/Drivers/STM32G4xx_HAL_Driver/Src/stm32g4xx_hal_tim.c.obj
                0x08003380                HAL_TIM_IRQHandler
 *fill*         0x0800359e        0x2 
 .text.TIM_Base_SetConfig
                0x080035a0       0xb8 CMakeFiles/steer_test.elf.dir/Drivers/STM32G4xx_HAL_Driver/Src/stm32g4xx_hal_tim.c.obj
                0x080035a0                TIM_Base_SetConfig
 .text.HAL_TIM_Base_Init
                0x08003658       0x60 CMakeFiles/steer_test.elf.dir/Drivers/STM32G4xx_HAL_Driver/Src/stm32g4xx_hal_tim.c.obj
                0x08003658                HAL_TIM_Base_Init
 .text.HAL_TIM_PWM_Init
                0x080036b8       0x60 CMakeFiles/steer_test.elf.dir/Drivers/STM32G4xx_HAL_Driver/Src/stm32g4xx_hal_tim.c.obj
                0x080036b8                HAL_TIM_PWM_Init
 .text.HAL_TIM_Encoder_Init
                0x08003718       0xb6 CMakeFiles/steer_test.elf.dir/Drivers/STM32G4xx_HAL_Driver/Src/stm32g4xx_hal_tim.c.obj
                0x08003718                HAL_TIM_Encoder_Init
 *fill*         0x080037ce        0x2 
 .text.TIM_OC2_SetConfig
                0x080037d0       0x8c CMakeFiles/steer_test.elf.dir/Drivers/STM32G4xx_HAL_Driver/Src/stm32g4xx_hal_tim.c.obj
                0x080037d0                TIM_OC2_SetConfig
 .text.HAL_TIM_PWM_ConfigChannel
                0x0800385c      0x128 CMakeFiles/steer_test.elf.dir/Drivers/STM32G4xx_HAL_Driver/Src/stm32g4xx_hal_tim.c.obj
                0x0800385c                HAL_TIM_PWM_ConfigChannel
 .text.TIM_ETR_SetConfig
                0x08003984       0x1a CMakeFiles/steer_test.elf.dir/Drivers/STM32G4xx_HAL_Driver/Src/stm32g4xx_hal_tim.c.obj
                0x08003984                TIM_ETR_SetConfig
 *fill*         0x0800399e        0x2 
 .text.HAL_TIM_ConfigClockSource
                0x080039a0      0x108 CMakeFiles/steer_test.elf.dir/Drivers/STM32G4xx_HAL_Driver/Src/stm32g4xx_hal_tim.c.obj
                0x080039a0                HAL_TIM_ConfigClockSource
 .text.TIM_CCxChannelCmd
                0x08003aa8       0x1e CMakeFiles/steer_test.elf.dir/Drivers/STM32G4xx_HAL_Driver/Src/stm32g4xx_hal_tim.c.obj
                0x08003aa8                TIM_CCxChannelCmd
 *fill*         0x08003ac6        0x2 
 .text.HAL_TIM_PWM_Start
                0x08003ac8      0x158 CMakeFiles/steer_test.elf.dir/Drivers/STM32G4xx_HAL_Driver/Src/stm32g4xx_hal_tim.c.obj
                0x08003ac8                HAL_TIM_PWM_Start
 .text.HAL_TIM_Encoder_Start
                0x08003c20       0xcc CMakeFiles/steer_test.elf.dir/Drivers/STM32G4xx_HAL_Driver/Src/stm32g4xx_hal_tim.c.obj
                0x08003c20                HAL_TIM_Encoder_Start
 .text.HAL_TIMEx_MasterConfigSynchronization
                0x08003cec       0x94 CMakeFiles/steer_test.elf.dir/Drivers/STM32G4xx_HAL_Driver/Src/stm32g4xx_hal_tim_ex.c.obj
                0x08003cec                HAL_TIMEx_MasterConfigSynchronization
 .text.HAL_TIMEx_CommutCallback
                0x08003d80        0x2 CMakeFiles/steer_test.elf.dir/Drivers/STM32G4xx_HAL_Driver/Src/stm32g4xx_hal_tim_ex.c.obj
                0x08003d80                HAL_TIMEx_CommutCallback
 .text.HAL_TIMEx_BreakCallback
                0x08003d82        0x2 CMakeFiles/steer_test.elf.dir/Drivers/STM32G4xx_HAL_Driver/Src/stm32g4xx_hal_tim_ex.c.obj
                0x08003d82                HAL_TIMEx_BreakCallback
 .text.HAL_TIMEx_Break2Callback
                0x08003d84        0x2 CMakeFiles/steer_test.elf.dir/Drivers/STM32G4xx_HAL_Driver/Src/stm32g4xx_hal_tim_ex.c.obj
                0x08003d84                HAL_TIMEx_Break2Callback
 .text.HAL_TIMEx_EncoderIndexCallback
                0x08003d86        0x2 CMakeFiles/steer_test.elf.dir/Drivers/STM32G4xx_HAL_Driver/Src/stm32g4xx_hal_tim_ex.c.obj
                0x08003d86                HAL_TIMEx_EncoderIndexCallback
 .text.HAL_TIMEx_DirectionChangeCallback
                0x08003d88        0x2 CMakeFiles/steer_test.elf.dir/Drivers/STM32G4xx_HAL_Driver/Src/stm32g4xx_hal_tim_ex.c.obj
                0x08003d88                HAL_TIMEx_DirectionChangeCallback
 .text.HAL_TIMEx_IndexErrorCallback
                0x08003d8a        0x2 CMakeFiles/steer_test.elf.dir/Drivers/STM32G4xx_HAL_Driver/Src/stm32g4xx_hal_tim_ex.c.obj
                0x08003d8a                HAL_TIMEx_IndexErrorCallback
 .text.HAL_TIMEx_TransitionErrorCallback
                0x08003d8c        0x2 CMakeFiles/steer_test.elf.dir/Drivers/STM32G4xx_HAL_Driver/Src/stm32g4xx_hal_tim_ex.c.obj
                0x08003d8c                HAL_TIMEx_TransitionErrorCallback
 .text.UART_EndRxTransfer
                0x08003d8e       0x38 CMakeFiles/steer_test.elf.dir/Drivers/STM32G4xx_HAL_Driver/Src/stm32g4xx_hal_uart.c.obj
 .text.HAL_UART_TxCpltCallback
                0x08003dc6        0x2 CMakeFiles/steer_test.elf.dir/Drivers/STM32G4xx_HAL_Driver/Src/stm32g4xx_hal_uart.c.obj
                0x08003dc6                HAL_UART_TxCpltCallback
 .text.UART_EndTransmit_IT
                0x08003dc8       0x1c CMakeFiles/steer_test.elf.dir/Drivers/STM32G4xx_HAL_Driver/Src/stm32g4xx_hal_uart.c.obj
 .text.HAL_UART_ErrorCallback
                0x08003de4        0x2 CMakeFiles/steer_test.elf.dir/Drivers/STM32G4xx_HAL_Driver/Src/stm32g4xx_hal_uart.c.obj
                0x08003de4                HAL_UART_ErrorCallback
 .text.UART_DMAAbortOnError
                0x08003de6       0x14 CMakeFiles/steer_test.elf.dir/Drivers/STM32G4xx_HAL_Driver/Src/stm32g4xx_hal_uart.c.obj
 .text.HAL_UARTEx_RxEventCallback
                0x08003dfa        0x2 CMakeFiles/steer_test.elf.dir/Drivers/STM32G4xx_HAL_Driver/Src/stm32g4xx_hal_uart.c.obj
                0x08003dfa                HAL_UARTEx_RxEventCallback
 .text.HAL_UART_IRQHandler
                0x08003dfc      0x2d8 CMakeFiles/steer_test.elf.dir/Drivers/STM32G4xx_HAL_Driver/Src/stm32g4xx_hal_uart.c.obj
                0x08003dfc                HAL_UART_IRQHandler
 .text.UART_RxISR_8BIT
                0x080040d4       0x88 CMakeFiles/steer_test.elf.dir/Drivers/STM32G4xx_HAL_Driver/Src/stm32g4xx_hal_uart.c.obj
 .text.UART_RxISR_16BIT
                0x0800415c       0x86 CMakeFiles/steer_test.elf.dir/Drivers/STM32G4xx_HAL_Driver/Src/stm32g4xx_hal_uart.c.obj
 *fill*         0x080041e2        0x2 
 .text.UART_RxISR_8BIT_FIFOEN
                0x080041e4      0x158 CMakeFiles/steer_test.elf.dir/Drivers/STM32G4xx_HAL_Driver/Src/stm32g4xx_hal_uart.c.obj
 .text.UART_RxISR_16BIT_FIFOEN
                0x0800433c      0x158 CMakeFiles/steer_test.elf.dir/Drivers/STM32G4xx_HAL_Driver/Src/stm32g4xx_hal_uart.c.obj
 .text.UART_SetConfig
                0x08004494      0x344 CMakeFiles/steer_test.elf.dir/Drivers/STM32G4xx_HAL_Driver/Src/stm32g4xx_hal_uart.c.obj
                0x08004494                UART_SetConfig
 .text.UART_AdvFeatureConfig
                0x080047d8       0xca CMakeFiles/steer_test.elf.dir/Drivers/STM32G4xx_HAL_Driver/Src/stm32g4xx_hal_uart.c.obj
                0x080047d8                UART_AdvFeatureConfig
 .text.UART_WaitOnFlagUntilTimeout
                0x080048a2       0xb0 CMakeFiles/steer_test.elf.dir/Drivers/STM32G4xx_HAL_Driver/Src/stm32g4xx_hal_uart.c.obj
                0x080048a2                UART_WaitOnFlagUntilTimeout
 .text.HAL_UART_Transmit
                0x08004952       0xde CMakeFiles/steer_test.elf.dir/Drivers/STM32G4xx_HAL_Driver/Src/stm32g4xx_hal_uart.c.obj
                0x08004952                HAL_UART_Transmit
 .text.UART_CheckIdleState
                0x08004a30       0x74 CMakeFiles/steer_test.elf.dir/Drivers/STM32G4xx_HAL_Driver/Src/stm32g4xx_hal_uart.c.obj
                0x08004a30                UART_CheckIdleState
 .text.HAL_UART_Init
                0x08004aa4       0x66 CMakeFiles/steer_test.elf.dir/Drivers/STM32G4xx_HAL_Driver/Src/stm32g4xx_hal_uart.c.obj
                0x08004aa4                HAL_UART_Init
 *fill*         0x08004b0a        0x2 
 .text.UART_Start_Receive_IT
                0x08004b0c       0xf8 CMakeFiles/steer_test.elf.dir/Drivers/STM32G4xx_HAL_Driver/Src/stm32g4xx_hal_uart.c.obj
                0x08004b0c                UART_Start_Receive_IT
 .text.HAL_UART_Receive_IT
                0x08004c04       0x54 CMakeFiles/steer_test.elf.dir/Drivers/STM32G4xx_HAL_Driver/Src/stm32g4xx_hal_uart.c.obj
                0x08004c04                HAL_UART_Receive_IT
 .text.UARTEx_SetNbDataToProcess
                0x08004c58       0x4c CMakeFiles/steer_test.elf.dir/Drivers/STM32G4xx_HAL_Driver/Src/stm32g4xx_hal_uart_ex.c.obj
 .text.HAL_UARTEx_WakeupCallback
                0x08004ca4        0x2 CMakeFiles/steer_test.elf.dir/Drivers/STM32G4xx_HAL_Driver/Src/stm32g4xx_hal_uart_ex.c.obj
                0x08004ca4                HAL_UARTEx_WakeupCallback
 .text.HAL_UARTEx_RxFifoFullCallback
                0x08004ca6        0x2 CMakeFiles/steer_test.elf.dir/Drivers/STM32G4xx_HAL_Driver/Src/stm32g4xx_hal_uart_ex.c.obj
                0x08004ca6                HAL_UARTEx_RxFifoFullCallback
 .text.HAL_UARTEx_TxFifoEmptyCallback
                0x08004ca8        0x2 CMakeFiles/steer_test.elf.dir/Drivers/STM32G4xx_HAL_Driver/Src/stm32g4xx_hal_uart_ex.c.obj
                0x08004ca8                HAL_UARTEx_TxFifoEmptyCallback
 .text.HAL_UARTEx_DisableFifoMode
                0x08004caa       0x3e CMakeFiles/steer_test.elf.dir/Drivers/STM32G4xx_HAL_Driver/Src/stm32g4xx_hal_uart_ex.c.obj
                0x08004caa                HAL_UARTEx_DisableFifoMode
 .text.HAL_UARTEx_SetTxFifoThreshold
                0x08004ce8       0x4a CMakeFiles/steer_test.elf.dir/Drivers/STM32G4xx_HAL_Driver/Src/stm32g4xx_hal_uart_ex.c.obj
                0x08004ce8                HAL_UARTEx_SetTxFifoThreshold
 .text.HAL_UARTEx_SetRxFifoThreshold
                0x08004d32       0x4a CMakeFiles/steer_test.elf.dir/Drivers/STM32G4xx_HAL_Driver/Src/stm32g4xx_hal_uart_ex.c.obj
                0x08004d32                HAL_UARTEx_SetRxFifoThreshold
 .text.atoi     0x08004d7c        0x8 c:/progra~2/gnuarm~1/102021~1.10/bin/../lib/gcc/arm-none-eabi/10.3.1/../../../../arm-none-eabi/lib/thumb/v7e-m+fp/hard\libg.a(lib_a-atoi.o)
                0x08004d7c                atoi
 .text.__errno  0x08004d84        0xc c:/progra~2/gnuarm~1/102021~1.10/bin/../lib/gcc/arm-none-eabi/10.3.1/../../../../arm-none-eabi/lib/thumb/v7e-m+fp/hard\libg.a(lib_a-errno.o)
                0x08004d84                __errno
 .text.__libc_init_array
                0x08004d90       0x48 c:/progra~2/gnuarm~1/102021~1.10/bin/../lib/gcc/arm-none-eabi/10.3.1/../../../../arm-none-eabi/lib/thumb/v7e-m+fp/hard\libg.a(lib_a-init.o)
                0x08004d90                __libc_init_array
 .text.memset   0x08004dd8       0xa4 c:/progra~2/gnuarm~1/102021~1.10/bin/../lib/gcc/arm-none-eabi/10.3.1/../../../../arm-none-eabi/lib/thumb/v7e-m+fp/hard\libg.a(lib_a-memset.o)
                0x08004dd8                memset
 .text.printf   0x08004e7c       0x28 c:/progra~2/gnuarm~1/102021~1.10/bin/../lib/gcc/arm-none-eabi/10.3.1/../../../../arm-none-eabi/lib/thumb/v7e-m+fp/hard\libg.a(lib_a-printf.o)
                0x08004e7c                printf
 .text._puts_r  0x08004ea4       0x9c c:/progra~2/gnuarm~1/102021~1.10/bin/../lib/gcc/arm-none-eabi/10.3.1/../../../../arm-none-eabi/lib/thumb/v7e-m+fp/hard\libg.a(lib_a-puts.o)
                0x08004ea4                _puts_r
 .text.puts     0x08004f40       0x10 c:/progra~2/gnuarm~1/102021~1.10/bin/../lib/gcc/arm-none-eabi/10.3.1/../../../../arm-none-eabi/lib/thumb/v7e-m+fp/hard\libg.a(lib_a-puts.o)
                0x08004f40                puts
 .text.setbuf   0x08004f50       0x10 c:/progra~2/gnuarm~1/102021~1.10/bin/../lib/gcc/arm-none-eabi/10.3.1/../../../../arm-none-eabi/lib/thumb/v7e-m+fp/hard\libg.a(lib_a-setbuf.o)
                0x08004f50                setbuf
 .text.setvbuf  0x08004f60      0x1b0 c:/progra~2/gnuarm~1/102021~1.10/bin/../lib/gcc/arm-none-eabi/10.3.1/../../../../arm-none-eabi/lib/thumb/v7e-m+fp/hard\libg.a(lib_a-setvbuf.o)
                0x08004f60                setvbuf
 .text._strtol_l.part.0
                0x08005110      0x120 c:/progra~2/gnuarm~1/102021~1.10/bin/../lib/gcc/arm-none-eabi/10.3.1/../../../../arm-none-eabi/lib/thumb/v7e-m+fp/hard\libg.a(lib_a-strtol.o)
 .text.strtol   0x08005230       0x2c c:/progra~2/gnuarm~1/102021~1.10/bin/../lib/gcc/arm-none-eabi/10.3.1/../../../../arm-none-eabi/lib/thumb/v7e-m+fp/hard\libg.a(lib_a-strtol.o)
                0x08005230                strtol
 *fill*         0x0800525c        0x4 
 .text._vfprintf_r
                0x08005260     0x1b90 c:/progra~2/gnuarm~1/102021~1.10/bin/../lib/gcc/arm-none-eabi/10.3.1/../../../../arm-none-eabi/lib/thumb/v7e-m+fp/hard\libg.a(lib_a-vfprintf.o)
                0x08005260                _vfprintf_r
 .text.__sbprintf
                0x08006df0       0x80 c:/progra~2/gnuarm~1/102021~1.10/bin/../lib/gcc/arm-none-eabi/10.3.1/../../../../arm-none-eabi/lib/thumb/v7e-m+fp/hard\libg.a(lib_a-vfprintf.o)
 .text.__swsetup_r
                0x08006e70       0xd4 c:/progra~2/gnuarm~1/102021~1.10/bin/../lib/gcc/arm-none-eabi/10.3.1/../../../../arm-none-eabi/lib/thumb/v7e-m+fp/hard\libg.a(lib_a-wsetup.o)
                0x08006e70                __swsetup_r
 .text.startup.register_fini
                0x08006f44       0x14 c:/progra~2/gnuarm~1/102021~1.10/bin/../lib/gcc/arm-none-eabi/10.3.1/../../../../arm-none-eabi/lib/thumb/v7e-m+fp/hard\libg.a(lib_a-__call_atexit.o)
 .text.atexit   0x08006f58        0xc c:/progra~2/gnuarm~1/102021~1.10/bin/../lib/gcc/arm-none-eabi/10.3.1/../../../../arm-none-eabi/lib/thumb/v7e-m+fp/hard\libg.a(lib_a-atexit.o)
                0x08006f58                atexit
 .text.quorem   0x08006f64      0x128 c:/progra~2/gnuarm~1/102021~1.10/bin/../lib/gcc/arm-none-eabi/10.3.1/../../../../arm-none-eabi/lib/thumb/v7e-m+fp/hard\libg.a(lib_a-dtoa.o)
 *fill*         0x0800708c        0x4 
 .text._dtoa_r  0x08007090      0xf3c c:/progra~2/gnuarm~1/102021~1.10/bin/../lib/gcc/arm-none-eabi/10.3.1/../../../../arm-none-eabi/lib/thumb/v7e-m+fp/hard\libg.a(lib_a-dtoa.o)
                0x08007090                _dtoa_r
 .text.__sflush_r
                0x08007fcc      0x130 c:/progra~2/gnuarm~1/102021~1.10/bin/../lib/gcc/arm-none-eabi/10.3.1/../../../../arm-none-eabi/lib/thumb/v7e-m+fp/hard\libg.a(lib_a-fflush.o)
                0x08007fcc                __sflush_r
 .text._fflush_r
                0x080080fc       0x5c c:/progra~2/gnuarm~1/102021~1.10/bin/../lib/gcc/arm-none-eabi/10.3.1/../../../../arm-none-eabi/lib/thumb/v7e-m+fp/hard\libg.a(lib_a-fflush.o)
                0x080080fc                _fflush_r
 .text._cleanup_r
                0x08008158        0xc c:/progra~2/gnuarm~1/102021~1.10/bin/../lib/gcc/arm-none-eabi/10.3.1/../../../../arm-none-eabi/lib/thumb/v7e-m+fp/hard\libg.a(lib_a-findfp.o)
                0x08008158                _cleanup_r
 .text.__sinit  0x08008164      0x10c c:/progra~2/gnuarm~1/102021~1.10/bin/../lib/gcc/arm-none-eabi/10.3.1/../../../../arm-none-eabi/lib/thumb/v7e-m+fp/hard\libg.a(lib_a-findfp.o)
                0x08008164                __sinit
 .text.__sfp_lock_acquire
                0x08008270        0xc c:/progra~2/gnuarm~1/102021~1.10/bin/../lib/gcc/arm-none-eabi/10.3.1/../../../../arm-none-eabi/lib/thumb/v7e-m+fp/hard\libg.a(lib_a-findfp.o)
                0x08008270                __sfp_lock_acquire
 .text.__sfp_lock_release
                0x0800827c        0xc c:/progra~2/gnuarm~1/102021~1.10/bin/../lib/gcc/arm-none-eabi/10.3.1/../../../../arm-none-eabi/lib/thumb/v7e-m+fp/hard\libg.a(lib_a-findfp.o)
                0x0800827c                __sfp_lock_release
 .text.__libc_fini_array
                0x08008288       0x2c c:/progra~2/gnuarm~1/102021~1.10/bin/../lib/gcc/arm-none-eabi/10.3.1/../../../../arm-none-eabi/lib/thumb/v7e-m+fp/hard\libg.a(lib_a-fini.o)
                0x08008288                __libc_fini_array
 .text._malloc_trim_r
                0x080082b4       0xa0 c:/progra~2/gnuarm~1/102021~1.10/bin/../lib/gcc/arm-none-eabi/10.3.1/../../../../arm-none-eabi/lib/thumb/v7e-m+fp/hard\libg.a(lib_a-freer.o)
                0x080082b4                _malloc_trim_r
 .text._free_r  0x08008354      0x20c c:/progra~2/gnuarm~1/102021~1.10/bin/../lib/gcc/arm-none-eabi/10.3.1/../../../../arm-none-eabi/lib/thumb/v7e-m+fp/hard\libg.a(lib_a-freer.o)
                0x08008354                _free_r
 .text.__sfvwrite_r
                0x08008560      0x2f0 c:/progra~2/gnuarm~1/102021~1.10/bin/../lib/gcc/arm-none-eabi/10.3.1/../../../../arm-none-eabi/lib/thumb/v7e-m+fp/hard\libg.a(lib_a-fvwrite.o)
                0x08008560                __sfvwrite_r
 .text._fwalk_reent
                0x08008850       0x48 c:/progra~2/gnuarm~1/102021~1.10/bin/../lib/gcc/arm-none-eabi/10.3.1/../../../../arm-none-eabi/lib/thumb/v7e-m+fp/hard\libg.a(lib_a-fwalk.o)
                0x08008850                _fwalk_reent
 .text._localeconv_r
                0x08008898        0x8 c:/progra~2/gnuarm~1/102021~1.10/bin/../lib/gcc/arm-none-eabi/10.3.1/../../../../arm-none-eabi/lib/thumb/v7e-m+fp/hard\libg.a(lib_a-localeconv.o)
                0x08008898                _localeconv_r
 .text.__retarget_lock_init_recursive
                0x080088a0        0x4 c:/progra~2/gnuarm~1/102021~1.10/bin/../lib/gcc/arm-none-eabi/10.3.1/../../../../arm-none-eabi/lib/thumb/v7e-m+fp/hard\libg.a(lib_a-lock.o)
                0x080088a0                __retarget_lock_init_recursive
 .text.__retarget_lock_close_recursive
                0x080088a4        0x4 c:/progra~2/gnuarm~1/102021~1.10/bin/../lib/gcc/arm-none-eabi/10.3.1/../../../../arm-none-eabi/lib/thumb/v7e-m+fp/hard\libg.a(lib_a-lock.o)
                0x080088a4                __retarget_lock_close_recursive
 .text.__retarget_lock_acquire_recursive
                0x080088a8        0x4 c:/progra~2/gnuarm~1/102021~1.10/bin/../lib/gcc/arm-none-eabi/10.3.1/../../../../arm-none-eabi/lib/thumb/v7e-m+fp/hard\libg.a(lib_a-lock.o)
                0x080088a8                __retarget_lock_acquire_recursive
 .text.__retarget_lock_release_recursive
                0x080088ac        0x4 c:/progra~2/gnuarm~1/102021~1.10/bin/../lib/gcc/arm-none-eabi/10.3.1/../../../../arm-none-eabi/lib/thumb/v7e-m+fp/hard\libg.a(lib_a-lock.o)
                0x080088ac                __retarget_lock_release_recursive
 .text.__smakebuf_r
                0x080088b0       0xe0 c:/progra~2/gnuarm~1/102021~1.10/bin/../lib/gcc/arm-none-eabi/10.3.1/../../../../arm-none-eabi/lib/thumb/v7e-m+fp/hard\libg.a(lib_a-makebuf.o)
                0x080088b0                __smakebuf_r
 .text.__swhatbuf_r
                0x08008990       0x60 c:/progra~2/gnuarm~1/102021~1.10/bin/../lib/gcc/arm-none-eabi/10.3.1/../../../../arm-none-eabi/lib/thumb/v7e-m+fp/hard\libg.a(lib_a-makebuf.o)
                0x08008990                __swhatbuf_r
 .text.malloc   0x080089f0       0x10 c:/progra~2/gnuarm~1/102021~1.10/bin/../lib/gcc/arm-none-eabi/10.3.1/../../../../arm-none-eabi/lib/thumb/v7e-m+fp/hard\libg.a(lib_a-malloc.o)
                0x080089f0                malloc
 .text._malloc_r
                0x08008a00      0x560 c:/progra~2/gnuarm~1/102021~1.10/bin/../lib/gcc/arm-none-eabi/10.3.1/../../../../arm-none-eabi/lib/thumb/v7e-m+fp/hard\libg.a(lib_a-mallocr.o)
                0x08008a00                _malloc_r
 .text.memmove  0x08008f60       0xf8 c:/progra~2/gnuarm~1/102021~1.10/bin/../lib/gcc/arm-none-eabi/10.3.1/../../../../arm-none-eabi/lib/thumb/v7e-m+fp/hard\libg.a(lib_a-memmove.o)
                0x08008f60                memmove
 .text.__malloc_lock
                0x08009058        0xc c:/progra~2/gnuarm~1/102021~1.10/bin/../lib/gcc/arm-none-eabi/10.3.1/../../../../arm-none-eabi/lib/thumb/v7e-m+fp/hard\libg.a(lib_a-mlock.o)
                0x08009058                __malloc_lock
 .text.__malloc_unlock
                0x08009064        0xc c:/progra~2/gnuarm~1/102021~1.10/bin/../lib/gcc/arm-none-eabi/10.3.1/../../../../arm-none-eabi/lib/thumb/v7e-m+fp/hard\libg.a(lib_a-mlock.o)
                0x08009064                __malloc_unlock
 .text._Balloc  0x08009070       0x4c c:/progra~2/gnuarm~1/102021~1.10/bin/../lib/gcc/arm-none-eabi/10.3.1/../../../../arm-none-eabi/lib/thumb/v7e-m+fp/hard\libg.a(lib_a-mprec.o)
                0x08009070                _Balloc
 .text._Bfree   0x080090bc       0x14 c:/progra~2/gnuarm~1/102021~1.10/bin/../lib/gcc/arm-none-eabi/10.3.1/../../../../arm-none-eabi/lib/thumb/v7e-m+fp/hard\libg.a(lib_a-mprec.o)
                0x080090bc                _Bfree
 .text.__multadd
                0x080090d0       0xa8 c:/progra~2/gnuarm~1/102021~1.10/bin/../lib/gcc/arm-none-eabi/10.3.1/../../../../arm-none-eabi/lib/thumb/v7e-m+fp/hard\libg.a(lib_a-mprec.o)
                0x080090d0                __multadd
 .text.__hi0bits
                0x08009178       0x40 c:/progra~2/gnuarm~1/102021~1.10/bin/../lib/gcc/arm-none-eabi/10.3.1/../../../../arm-none-eabi/lib/thumb/v7e-m+fp/hard\libg.a(lib_a-mprec.o)
                0x08009178                __hi0bits
 .text.__lo0bits
                0x080091b8       0x60 c:/progra~2/gnuarm~1/102021~1.10/bin/../lib/gcc/arm-none-eabi/10.3.1/../../../../arm-none-eabi/lib/thumb/v7e-m+fp/hard\libg.a(lib_a-mprec.o)
                0x080091b8                __lo0bits
 .text.__i2b    0x08009218       0x5c c:/progra~2/gnuarm~1/102021~1.10/bin/../lib/gcc/arm-none-eabi/10.3.1/../../../../arm-none-eabi/lib/thumb/v7e-m+fp/hard\libg.a(lib_a-mprec.o)
                0x08009218                __i2b
 .text.__multiply
                0x08009274      0x15c c:/progra~2/gnuarm~1/102021~1.10/bin/../lib/gcc/arm-none-eabi/10.3.1/../../../../arm-none-eabi/lib/thumb/v7e-m+fp/hard\libg.a(lib_a-mprec.o)
                0x08009274                __multiply
 .text.__pow5mult
                0x080093d0       0xc0 c:/progra~2/gnuarm~1/102021~1.10/bin/../lib/gcc/arm-none-eabi/10.3.1/../../../../arm-none-eabi/lib/thumb/v7e-m+fp/hard\libg.a(lib_a-mprec.o)
                0x080093d0                __pow5mult
 .text.__lshift
                0x08009490       0xf0 c:/progra~2/gnuarm~1/102021~1.10/bin/../lib/gcc/arm-none-eabi/10.3.1/../../../../arm-none-eabi/lib/thumb/v7e-m+fp/hard\libg.a(lib_a-mprec.o)
                0x08009490                __lshift
 .text.__mcmp   0x08009580       0x44 c:/progra~2/gnuarm~1/102021~1.10/bin/../lib/gcc/arm-none-eabi/10.3.1/../../../../arm-none-eabi/lib/thumb/v7e-m+fp/hard\libg.a(lib_a-mprec.o)
                0x08009580                __mcmp
 .text.__mdiff  0x080095c4      0x14c c:/progra~2/gnuarm~1/102021~1.10/bin/../lib/gcc/arm-none-eabi/10.3.1/../../../../arm-none-eabi/lib/thumb/v7e-m+fp/hard\libg.a(lib_a-mprec.o)
                0x080095c4                __mdiff
 .text.__d2b    0x08009710       0xd0 c:/progra~2/gnuarm~1/102021~1.10/bin/../lib/gcc/arm-none-eabi/10.3.1/../../../../arm-none-eabi/lib/thumb/v7e-m+fp/hard\libg.a(lib_a-mprec.o)
                0x08009710                __d2b
 .text._realloc_r
                0x080097e0      0x3d8 c:/progra~2/gnuarm~1/102021~1.10/bin/../lib/gcc/arm-none-eabi/10.3.1/../../../../arm-none-eabi/lib/thumb/v7e-m+fp/hard\libg.a(lib_a-reallocr.o)
                0x080097e0                _realloc_r
 .text.frexp    0x08009bb8       0x6c c:/progra~2/gnuarm~1/102021~1.10/bin/../lib/gcc/arm-none-eabi/10.3.1/../../../../arm-none-eabi/lib/thumb/v7e-m+fp/hard\libg.a(lib_a-s_frexp.o)
                0x08009bb8                frexp
 .text._sbrk_r  0x08009c24       0x24 c:/progra~2/gnuarm~1/102021~1.10/bin/../lib/gcc/arm-none-eabi/10.3.1/../../../../arm-none-eabi/lib/thumb/v7e-m+fp/hard\libg.a(lib_a-sbrkr.o)
                0x08009c24                _sbrk_r
 .text.__sread  0x08009c48       0x24 c:/progra~2/gnuarm~1/102021~1.10/bin/../lib/gcc/arm-none-eabi/10.3.1/../../../../arm-none-eabi/lib/thumb/v7e-m+fp/hard\libg.a(lib_a-stdio.o)
                0x08009c48                __sread
 .text.__swrite
                0x08009c6c       0x40 c:/progra~2/gnuarm~1/102021~1.10/bin/../lib/gcc/arm-none-eabi/10.3.1/../../../../arm-none-eabi/lib/thumb/v7e-m+fp/hard\libg.a(lib_a-stdio.o)
                0x08009c6c                __swrite
 .text.__sseek  0x08009cac       0x20 c:/progra~2/gnuarm~1/102021~1.10/bin/../lib/gcc/arm-none-eabi/10.3.1/../../../../arm-none-eabi/lib/thumb/v7e-m+fp/hard\libg.a(lib_a-stdio.o)
                0x08009cac                __sseek
 .text.__sclose
                0x08009ccc        0x8 c:/progra~2/gnuarm~1/102021~1.10/bin/../lib/gcc/arm-none-eabi/10.3.1/../../../../arm-none-eabi/lib/thumb/v7e-m+fp/hard\libg.a(lib_a-stdio.o)
                0x08009ccc                __sclose
 .text.strncpy  0x08009cd4       0x64 c:/progra~2/gnuarm~1/102021~1.10/bin/../lib/gcc/arm-none-eabi/10.3.1/../../../../arm-none-eabi/lib/thumb/v7e-m+fp/hard\libg.a(lib_a-strncpy.o)
                0x08009cd4                strncpy
 .text.__sprint_r.part.0
                0x08009d38       0x78 c:/progra~2/gnuarm~1/102021~1.10/bin/../lib/gcc/arm-none-eabi/10.3.1/../../../../arm-none-eabi/lib/thumb/v7e-m+fp/hard\libg.a(lib_a-vfiprintf.o)
 .text.__sprint_r
                0x08009db0       0x18 c:/progra~2/gnuarm~1/102021~1.10/bin/../lib/gcc/arm-none-eabi/10.3.1/../../../../arm-none-eabi/lib/thumb/v7e-m+fp/hard\libg.a(lib_a-vfiprintf.o)
                0x08009db0                __sprint_r
 .text._vfiprintf_r
                0x08009dc8      0xdfc c:/progra~2/gnuarm~1/102021~1.10/bin/../lib/gcc/arm-none-eabi/10.3.1/../../../../arm-none-eabi/lib/thumb/v7e-m+fp/hard\libg.a(lib_a-vfiprintf.o)
                0x08009dc8                _vfiprintf_r
 .text.__sbprintf
                0x0800abc4       0x80 c:/progra~2/gnuarm~1/102021~1.10/bin/../lib/gcc/arm-none-eabi/10.3.1/../../../../arm-none-eabi/lib/thumb/v7e-m+fp/hard\libg.a(lib_a-vfiprintf.o)
 .text._write_r
                0x0800ac44       0x2c c:/progra~2/gnuarm~1/102021~1.10/bin/../lib/gcc/arm-none-eabi/10.3.1/../../../../arm-none-eabi/lib/thumb/v7e-m+fp/hard\libg.a(lib_a-writer.o)
                0x0800ac44                _write_r
 .text.__register_exitproc
                0x0800ac70       0x8c c:/progra~2/gnuarm~1/102021~1.10/bin/../lib/gcc/arm-none-eabi/10.3.1/../../../../arm-none-eabi/lib/thumb/v7e-m+fp/hard\libg.a(lib_a-__atexit.o)
                0x0800ac70                __register_exitproc
 .text.__assert_func
                0x0800acfc       0x40 c:/progra~2/gnuarm~1/102021~1.10/bin/../lib/gcc/arm-none-eabi/10.3.1/../../../../arm-none-eabi/lib/thumb/v7e-m+fp/hard\libg.a(lib_a-assert.o)
                0x0800acfc                __assert_func
 .text._calloc_r
                0x0800ad3c       0x78 c:/progra~2/gnuarm~1/102021~1.10/bin/../lib/gcc/arm-none-eabi/10.3.1/../../../../arm-none-eabi/lib/thumb/v7e-m+fp/hard\libg.a(lib_a-callocr.o)
                0x0800ad3c                _calloc_r
 .text._close_r
                0x0800adb4       0x24 c:/progra~2/gnuarm~1/102021~1.10/bin/../lib/gcc/arm-none-eabi/10.3.1/../../../../arm-none-eabi/lib/thumb/v7e-m+fp/hard\libg.a(lib_a-closer.o)
                0x0800adb4                _close_r
 .text._fclose_r
                0x0800add8       0xcc c:/progra~2/gnuarm~1/102021~1.10/bin/../lib/gcc/arm-none-eabi/10.3.1/../../../../arm-none-eabi/lib/thumb/v7e-m+fp/hard\libg.a(lib_a-fclose.o)
                0x0800add8                _fclose_r
 .text.fiprintf
                0x0800aea4       0x28 c:/progra~2/gnuarm~1/102021~1.10/bin/../lib/gcc/arm-none-eabi/10.3.1/../../../../arm-none-eabi/lib/thumb/v7e-m+fp/hard\libg.a(lib_a-fiprintf.o)
                0x0800aea4                fiprintf
 .text.__fputwc
                0x0800aecc       0xa8 c:/progra~2/gnuarm~1/102021~1.10/bin/../lib/gcc/arm-none-eabi/10.3.1/../../../../arm-none-eabi/lib/thumb/v7e-m+fp/hard\libg.a(lib_a-fputwc.o)
                0x0800aecc                __fputwc
 .text._fputwc_r
                0x0800af74       0x68 c:/progra~2/gnuarm~1/102021~1.10/bin/../lib/gcc/arm-none-eabi/10.3.1/../../../../arm-none-eabi/lib/thumb/v7e-m+fp/hard\libg.a(lib_a-fputwc.o)
                0x0800af74                _fputwc_r
 .text._fstat_r
                0x0800afdc       0x2c c:/progra~2/gnuarm~1/102021~1.10/bin/../lib/gcc/arm-none-eabi/10.3.1/../../../../arm-none-eabi/lib/thumb/v7e-m+fp/hard\libg.a(lib_a-fstatr.o)
                0x0800afdc                _fstat_r
 .text._isatty_r
                0x0800b008       0x24 c:/progra~2/gnuarm~1/102021~1.10/bin/../lib/gcc/arm-none-eabi/10.3.1/../../../../arm-none-eabi/lib/thumb/v7e-m+fp/hard\libg.a(lib_a-isattyr.o)
                0x0800b008                _isatty_r
 .text.__locale_mb_cur_max
                0x0800b02c        0xc c:/progra~2/gnuarm~1/102021~1.10/bin/../lib/gcc/arm-none-eabi/10.3.1/../../../../arm-none-eabi/lib/thumb/v7e-m+fp/hard\libg.a(lib_a-locale.o)
                0x0800b02c                __locale_mb_cur_max
 .text._lseek_r
                0x0800b038       0x2c c:/progra~2/gnuarm~1/102021~1.10/bin/../lib/gcc/arm-none-eabi/10.3.1/../../../../arm-none-eabi/lib/thumb/v7e-m+fp/hard\libg.a(lib_a-lseekr.o)
                0x0800b038                _lseek_r
 .text.__ascii_mbtowc
                0x0800b064       0x2c c:/progra~2/gnuarm~1/102021~1.10/bin/../lib/gcc/arm-none-eabi/10.3.1/../../../../arm-none-eabi/lib/thumb/v7e-m+fp/hard\libg.a(lib_a-mbtowc_r.o)
                0x0800b064                __ascii_mbtowc
 .text._read_r  0x0800b090       0x2c c:/progra~2/gnuarm~1/102021~1.10/bin/../lib/gcc/arm-none-eabi/10.3.1/../../../../arm-none-eabi/lib/thumb/v7e-m+fp/hard\libg.a(lib_a-readr.o)
                0x0800b090                _read_r
 .text.__swbuf_r
                0x0800b0bc       0xb0 c:/progra~2/gnuarm~1/102021~1.10/bin/../lib/gcc/arm-none-eabi/10.3.1/../../../../arm-none-eabi/lib/thumb/v7e-m+fp/hard\libg.a(lib_a-wbuf.o)
                0x0800b0bc                __swbuf_r
 .text._wcrtomb_r
                0x0800b16c       0x3c c:/progra~2/gnuarm~1/102021~1.10/bin/../lib/gcc/arm-none-eabi/10.3.1/../../../../arm-none-eabi/lib/thumb/v7e-m+fp/hard\libg.a(lib_a-wcrtomb.o)
                0x0800b16c                _wcrtomb_r
 .text.__ascii_wctomb
                0x0800b1a8       0x1c c:/progra~2/gnuarm~1/102021~1.10/bin/../lib/gcc/arm-none-eabi/10.3.1/../../../../arm-none-eabi/lib/thumb/v7e-m+fp/hard\libg.a(lib_a-wctomb_r.o)
                0x0800b1a8                __ascii_wctomb
 .text.abort    0x0800b1c4       0x10 c:/progra~2/gnuarm~1/102021~1.10/bin/../lib/gcc/arm-none-eabi/10.3.1/../../../../arm-none-eabi/lib/thumb/v7e-m+fp/hard\libg.a(lib_a-abort.o)
                0x0800b1c4                abort
 .text.raise    0x0800b1d4       0x5c c:/progra~2/gnuarm~1/102021~1.10/bin/../lib/gcc/arm-none-eabi/10.3.1/../../../../arm-none-eabi/lib/thumb/v7e-m+fp/hard\libg.a(lib_a-signal.o)
                0x0800b1d4                raise
 .text._kill_r  0x0800b230       0x2c c:/progra~2/gnuarm~1/102021~1.10/bin/../lib/gcc/arm-none-eabi/10.3.1/../../../../arm-none-eabi/lib/thumb/v7e-m+fp/hard\libg.a(lib_a-signalr.o)
                0x0800b230                _kill_r
 .text._getpid_r
                0x0800b25c        0x4 c:/progra~2/gnuarm~1/102021~1.10/bin/../lib/gcc/arm-none-eabi/10.3.1/../../../../arm-none-eabi/lib/thumb/v7e-m+fp/hard\libg.a(lib_a-signalr.o)
                0x0800b25c                _getpid_r
 .text.fmod     0x0800b260       0x6c c:/progra~2/gnuarm~1/102021~1.10/bin/../lib/gcc/arm-none-eabi/10.3.1/../../../../arm-none-eabi/lib/thumb/v7e-m+fp/hard\libm.a(lib_a-w_fmod.o)
                0x0800b260                fmod
 .text.__ieee754_fmod
                0x0800b2cc      0x27c c:/progra~2/gnuarm~1/102021~1.10/bin/../lib/gcc/arm-none-eabi/10.3.1/../../../../arm-none-eabi/lib/thumb/v7e-m+fp/hard\libm.a(lib_a-e_fmod.o)
                0x0800b2cc                __ieee754_fmod
 *(.glue_7)
 .glue_7        0x0800b548        0x0 linker stubs
 *(.glue_7t)
 .glue_7t       0x0800b548        0x0 linker stubs
 *(.eh_frame)
 .eh_frame      0x0800b548        0x0 c:/progra~2/gnuarm~1/102021~1.10/bin/../lib/gcc/arm-none-eabi/10.3.1/thumb/v7e-m+fp/hard/crtbegin.o
 *(.init)
 .init          0x0800b548        0x4 c:/progra~2/gnuarm~1/102021~1.10/bin/../lib/gcc/arm-none-eabi/10.3.1/thumb/v7e-m+fp/hard/crti.o
                0x0800b548                _init
 .init          0x0800b54c        0x8 c:/progra~2/gnuarm~1/102021~1.10/bin/../lib/gcc/arm-none-eabi/10.3.1/thumb/v7e-m+fp/hard/crtn.o
 *(.fini)
 .fini          0x0800b554        0x4 c:/progra~2/gnuarm~1/102021~1.10/bin/../lib/gcc/arm-none-eabi/10.3.1/thumb/v7e-m+fp/hard/crti.o
                0x0800b554                _fini
 .fini          0x0800b558        0x8 c:/progra~2/gnuarm~1/102021~1.10/bin/../lib/gcc/arm-none-eabi/10.3.1/thumb/v7e-m+fp/hard/crtn.o
                0x0800b560                . = ALIGN (0x4)
                0x0800b560                _etext = .

.vfp11_veneer   0x0800b560        0x0
 .vfp11_veneer  0x0800b560        0x0 linker stubs

.v4_bx          0x0800b560        0x0
 .v4_bx         0x0800b560        0x0 linker stubs

.iplt           0x0800b560        0x0
 .iplt          0x0800b560        0x0 c:/progra~2/gnuarm~1/102021~1.10/bin/../lib/gcc/arm-none-eabi/10.3.1/thumb/v7e-m+fp/hard/crtbegin.o

.rodata         0x0800b560      0x498
                0x0800b560                . = ALIGN (0x4)
 *(.rodata)
 *(.rodata*)
 .rodata.HAL_GPIO_EXTI_Callback.str1.4
                0x0800b560       0x16 CMakeFiles/steer_test.elf.dir/Core/Src/main.c.obj
 *fill*         0x0800b576        0x2 
 .rodata.initial_pos_calibration.str1.4
                0x0800b578       0x1c CMakeFiles/steer_test.elf.dir/Core/Src/main.c.obj
 .rodata.HAL_UART_RxCpltCallback.str1.4
                0x0800b594        0x5 CMakeFiles/steer_test.elf.dir/Core/Src/main.c.obj
 *fill*         0x0800b599        0x3 
 .rodata.HAL_TIM_PeriodElapsedCallback.str1.4
                0x0800b59c        0x7 CMakeFiles/steer_test.elf.dir/Core/Src/main.c.obj
 *fill*         0x0800b5a3        0x1 
 .rodata.AHBPrescTable
                0x0800b5a4       0x10 CMakeFiles/steer_test.elf.dir/Core/Src/system_stm32g4xx.c.obj
                0x0800b5a4                AHBPrescTable
 .rodata.APBPrescTable
                0x0800b5b4        0x8 CMakeFiles/steer_test.elf.dir/Core/Src/system_stm32g4xx.c.obj
                0x0800b5b4                APBPrescTable
 .rodata.UARTPrescTable
                0x0800b5bc       0x18 CMakeFiles/steer_test.elf.dir/Drivers/STM32G4xx_HAL_Driver/Src/stm32g4xx_hal_uart.c.obj
                0x0800b5bc                UARTPrescTable
 .rodata.denominator.0
                0x0800b5d4        0x8 CMakeFiles/steer_test.elf.dir/Drivers/STM32G4xx_HAL_Driver/Src/stm32g4xx_hal_uart_ex.c.obj
 .rodata.numerator.1
                0x0800b5dc        0x8 CMakeFiles/steer_test.elf.dir/Drivers/STM32G4xx_HAL_Driver/Src/stm32g4xx_hal_uart_ex.c.obj
 .rodata._global_impure_ptr
                0x0800b5e4        0x4 c:/progra~2/gnuarm~1/102021~1.10/bin/../lib/gcc/arm-none-eabi/10.3.1/../../../../arm-none-eabi/lib/thumb/v7e-m+fp/hard\libg.a(lib_a-impure.o)
                0x0800b5e4                _global_impure_ptr
 .rodata._puts_r.str1.4
                0x0800b5e8        0x2 c:/progra~2/gnuarm~1/102021~1.10/bin/../lib/gcc/arm-none-eabi/10.3.1/../../../../arm-none-eabi/lib/thumb/v7e-m+fp/hard\libg.a(lib_a-puts.o)
 *fill*         0x0800b5ea        0x2 
 .rodata._vfprintf_r.str1.4
                0x0800b5ec       0x42 c:/progra~2/gnuarm~1/102021~1.10/bin/../lib/gcc/arm-none-eabi/10.3.1/../../../../arm-none-eabi/lib/thumb/v7e-m+fp/hard\libg.a(lib_a-vfprintf.o)
 *fill*         0x0800b62e        0x2 
 .rodata.blanks.1
                0x0800b630       0x10 c:/progra~2/gnuarm~1/102021~1.10/bin/../lib/gcc/arm-none-eabi/10.3.1/../../../../arm-none-eabi/lib/thumb/v7e-m+fp/hard\libg.a(lib_a-vfprintf.o)
 .rodata.zeroes.0
                0x0800b640       0x10 c:/progra~2/gnuarm~1/102021~1.10/bin/../lib/gcc/arm-none-eabi/10.3.1/../../../../arm-none-eabi/lib/thumb/v7e-m+fp/hard\libg.a(lib_a-vfprintf.o)
 .rodata._ctype_
                0x0800b650      0x101 c:/progra~2/gnuarm~1/102021~1.10/bin/../lib/gcc/arm-none-eabi/10.3.1/../../../../arm-none-eabi/lib/thumb/v7e-m+fp/hard\libg.a(lib_a-ctype_.o)
                0x0800b650                _ctype_
 *fill*         0x0800b751        0x3 
 .rodata._dtoa_r.str1.4
                0x0800b754       0xa2 c:/progra~2/gnuarm~1/102021~1.10/bin/../lib/gcc/arm-none-eabi/10.3.1/../../../../arm-none-eabi/lib/thumb/v7e-m+fp/hard\libg.a(lib_a-dtoa.o)
                                 0xa6 (size before relaxing)
 *fill*         0x0800b7f6        0x2 
 .rodata.__multadd.str1.4
                0x0800b7f8       0x7f c:/progra~2/gnuarm~1/102021~1.10/bin/../lib/gcc/arm-none-eabi/10.3.1/../../../../arm-none-eabi/lib/thumb/v7e-m+fp/hard\libg.a(lib_a-mprec.o)
                                 0x93 (size before relaxing)
 *fill*         0x0800b877        0x1 
 .rodata.__mprec_bigtens
                0x0800b878       0x28 c:/progra~2/gnuarm~1/102021~1.10/bin/../lib/gcc/arm-none-eabi/10.3.1/../../../../arm-none-eabi/lib/thumb/v7e-m+fp/hard\libg.a(lib_a-mprec.o)
                0x0800b878                __mprec_bigtens
 .rodata.__mprec_tens
                0x0800b8a0       0xc8 c:/progra~2/gnuarm~1/102021~1.10/bin/../lib/gcc/arm-none-eabi/10.3.1/../../../../arm-none-eabi/lib/thumb/v7e-m+fp/hard\libg.a(lib_a-mprec.o)
                0x0800b8a0                __mprec_tens
 .rodata.p05.0  0x0800b968        0xc c:/progra~2/gnuarm~1/102021~1.10/bin/../lib/gcc/arm-none-eabi/10.3.1/../../../../arm-none-eabi/lib/thumb/v7e-m+fp/hard\libg.a(lib_a-mprec.o)
 .rodata._vfiprintf_r.str1.4
                0x0800b974       0x2f c:/progra~2/gnuarm~1/102021~1.10/bin/../lib/gcc/arm-none-eabi/10.3.1/../../../../arm-none-eabi/lib/thumb/v7e-m+fp/hard\libg.a(lib_a-vfiprintf.o)
 .rodata.blanks.1
                0x0800b974       0x10 c:/progra~2/gnuarm~1/102021~1.10/bin/../lib/gcc/arm-none-eabi/10.3.1/../../../../arm-none-eabi/lib/thumb/v7e-m+fp/hard\libg.a(lib_a-vfiprintf.o)
 .rodata.zeroes.0
                0x0800b984       0x10 c:/progra~2/gnuarm~1/102021~1.10/bin/../lib/gcc/arm-none-eabi/10.3.1/../../../../arm-none-eabi/lib/thumb/v7e-m+fp/hard\libg.a(lib_a-vfiprintf.o)
 .rodata.__assert_func.str1.4
                0x0800b994       0x3f c:/progra~2/gnuarm~1/102021~1.10/bin/../lib/gcc/arm-none-eabi/10.3.1/../../../../arm-none-eabi/lib/thumb/v7e-m+fp/hard\libg.a(lib_a-assert.o)
                                 0x43 (size before relaxing)
 *fill*         0x0800b9d3        0x1 
 .rodata._setlocale_r.str1.4
                0x0800b9d4        0xa c:/progra~2/gnuarm~1/102021~1.10/bin/../lib/gcc/arm-none-eabi/10.3.1/../../../../arm-none-eabi/lib/thumb/v7e-m+fp/hard\libg.a(lib_a-locale.o)
                                  0xd (size before relaxing)
 *fill*         0x0800b9de        0x2 
 .rodata.str1.4
                0x0800b9e0        0x2 c:/progra~2/gnuarm~1/102021~1.10/bin/../lib/gcc/arm-none-eabi/10.3.1/../../../../arm-none-eabi/lib/thumb/v7e-m+fp/hard\libg.a(lib_a-locale.o)
 *fill*         0x0800b9e2        0x6 
 .rodata.Zero   0x0800b9e8       0x10 c:/progra~2/gnuarm~1/102021~1.10/bin/../lib/gcc/arm-none-eabi/10.3.1/../../../../arm-none-eabi/lib/thumb/v7e-m+fp/hard\libm.a(lib_a-e_fmod.o)
                0x0800b9f8                . = ALIGN (0x4)

.ARM.extab      0x0800b9f8        0x0
                0x0800b9f8                . = ALIGN (0x4)
 *(.ARM.extab* .gnu.linkonce.armextab.*)
                0x0800b9f8                . = ALIGN (0x4)

.ARM            0x0800b9f8        0x8
                0x0800b9f8                . = ALIGN (0x4)
                0x0800b9f8                __exidx_start = .
 *(.ARM.exidx*)
 .ARM.exidx     0x0800b9f8        0x8 c:/progra~2/gnuarm~1/102021~1.10/bin/../lib/gcc/arm-none-eabi/10.3.1/thumb/v7e-m+fp/hard\libgcc.a(_udivmoddi4.o)
                0x0800ba00                __exidx_end = .
                0x0800ba00                . = ALIGN (0x4)

.rel.dyn        0x0800ba00        0x0
 .rel.iplt      0x0800ba00        0x0 c:/progra~2/gnuarm~1/102021~1.10/bin/../lib/gcc/arm-none-eabi/10.3.1/thumb/v7e-m+fp/hard/crtbegin.o

.preinit_array  0x0800ba00        0x0
                0x0800ba00                . = ALIGN (0x4)
                0x0800ba00                PROVIDE (__preinit_array_start = .)
 *(.preinit_array*)
                0x0800ba00                PROVIDE (__preinit_array_end = .)
                0x0800ba00                . = ALIGN (0x4)

.init_array     0x0800ba00        0x8
                0x0800ba00                . = ALIGN (0x4)
                0x0800ba00                PROVIDE (__init_array_start = .)
 *(SORT_BY_NAME(.init_array.*))
 .init_array.00000
                0x0800ba00        0x4 c:/progra~2/gnuarm~1/102021~1.10/bin/../lib/gcc/arm-none-eabi/10.3.1/../../../../arm-none-eabi/lib/thumb/v7e-m+fp/hard\libg.a(lib_a-__call_atexit.o)
 *(.init_array*)
 .init_array    0x0800ba04        0x4 c:/progra~2/gnuarm~1/102021~1.10/bin/../lib/gcc/arm-none-eabi/10.3.1/thumb/v7e-m+fp/hard/crtbegin.o
                0x0800ba08                PROVIDE (__init_array_end = .)
                0x0800ba08                . = ALIGN (0x4)

.fini_array     0x0800ba08        0x4
                0x0800ba08                . = ALIGN (0x4)
                0x0800ba08                PROVIDE (__fini_array_start = .)
 *(SORT_BY_NAME(.fini_array.*))
 *(.fini_array*)
 .fini_array    0x0800ba08        0x4 c:/progra~2/gnuarm~1/102021~1.10/bin/../lib/gcc/arm-none-eabi/10.3.1/thumb/v7e-m+fp/hard/crtbegin.o
                0x0800ba0c                PROVIDE (__fini_array_end = .)
                0x0800ba0c                . = ALIGN (0x4)
                0x0800ba0c                _sidata = LOADADDR (.data)

.data           0x20000000      0x9b8 load address 0x0800ba0c
                0x20000000                . = ALIGN (0x4)
                0x20000000                _sdata = .
 *(.data)
 *(.data*)
 .data.SystemCoreClock
                0x20000000        0x4 CMakeFiles/steer_test.elf.dir/Core/Src/system_stm32g4xx.c.obj
                0x20000000                SystemCoreClock
 .data.uwTickFreq
                0x20000004        0x4 CMakeFiles/steer_test.elf.dir/Drivers/STM32G4xx_HAL_Driver/Src/stm32g4xx_hal.c.obj
                0x20000004                uwTickFreq
 .data.uwTickPrio
                0x20000008        0x4 CMakeFiles/steer_test.elf.dir/Drivers/STM32G4xx_HAL_Driver/Src/stm32g4xx_hal.c.obj
                0x20000008                uwTickPrio
 .data._impure_ptr
                0x2000000c        0x4 c:/progra~2/gnuarm~1/102021~1.10/bin/../lib/gcc/arm-none-eabi/10.3.1/../../../../arm-none-eabi/lib/thumb/v7e-m+fp/hard\libg.a(lib_a-impure.o)
                0x2000000c                _impure_ptr
 .data.impure_data
                0x20000010      0x428 c:/progra~2/gnuarm~1/102021~1.10/bin/../lib/gcc/arm-none-eabi/10.3.1/../../../../arm-none-eabi/lib/thumb/v7e-m+fp/hard\libg.a(lib_a-impure.o)
 .data.__atexit_recursive_mutex
                0x20000438        0x4 c:/progra~2/gnuarm~1/102021~1.10/bin/../lib/gcc/arm-none-eabi/10.3.1/../../../../arm-none-eabi/lib/thumb/v7e-m+fp/hard\libg.a(lib_a-__call_atexit.o)
                0x20000438                __atexit_recursive_mutex
 .data.__malloc_av_
                0x2000043c      0x408 c:/progra~2/gnuarm~1/102021~1.10/bin/../lib/gcc/arm-none-eabi/10.3.1/../../../../arm-none-eabi/lib/thumb/v7e-m+fp/hard\libg.a(lib_a-mallocr.o)
                0x2000043c                __malloc_av_
 .data.__malloc_sbrk_base
                0x20000844        0x4 c:/progra~2/gnuarm~1/102021~1.10/bin/../lib/gcc/arm-none-eabi/10.3.1/../../../../arm-none-eabi/lib/thumb/v7e-m+fp/hard\libg.a(lib_a-mallocr.o)
                0x20000844                __malloc_sbrk_base
 .data.__malloc_trim_threshold
                0x20000848        0x4 c:/progra~2/gnuarm~1/102021~1.10/bin/../lib/gcc/arm-none-eabi/10.3.1/../../../../arm-none-eabi/lib/thumb/v7e-m+fp/hard\libg.a(lib_a-mallocr.o)
                0x20000848                __malloc_trim_threshold
 .data.__global_locale
                0x2000084c      0x16c c:/progra~2/gnuarm~1/102021~1.10/bin/../lib/gcc/arm-none-eabi/10.3.1/../../../../arm-none-eabi/lib/thumb/v7e-m+fp/hard\libg.a(lib_a-locale.o)
                0x2000084c                __global_locale
 *(.RamFunc)
 *(.RamFunc*)
                0x200009b8                . = ALIGN (0x4)
                0x200009b8                _edata = .

.igot.plt       0x200009b8        0x0 load address 0x0800c3c4
 .igot.plt      0x200009b8        0x0 c:/progra~2/gnuarm~1/102021~1.10/bin/../lib/gcc/arm-none-eabi/10.3.1/thumb/v7e-m+fp/hard/crtbegin.o
                0x200009b8                . = ALIGN (0x4)

.bss            0x200009b8      0x2b8 load address 0x0800c3c4
                0x200009b8                _sbss = .
                0x200009b8                __bss_start__ = _sbss
 *(.bss)
 .bss           0x200009b8       0x1c c:/progra~2/gnuarm~1/102021~1.10/bin/../lib/gcc/arm-none-eabi/10.3.1/thumb/v7e-m+fp/hard/crtbegin.o
 *(.bss*)
 .bss.e_for_i   0x200009d4        0x4 CMakeFiles/steer_test.elf.dir/Core/Src/PID_anti_windup.c.obj
                0x200009d4                e_for_i
 .bss.e_for_i_pre
                0x200009d8        0x4 CMakeFiles/steer_test.elf.dir/Core/Src/PID_anti_windup.c.obj
                0x200009d8                e_for_i_pre
 .bss.pid_aw_e  0x200009dc        0x4 CMakeFiles/steer_test.elf.dir/Core/Src/PID_anti_windup.c.obj
                0x200009dc                pid_aw_e
 .bss.pid_aw_e_diff
                0x200009e0        0x4 CMakeFiles/steer_test.elf.dir/Core/Src/PID_anti_windup.c.obj
                0x200009e0                pid_aw_e_diff
 .bss.pid_aw_e_pre
                0x200009e4        0x4 CMakeFiles/steer_test.elf.dir/Core/Src/PID_anti_windup.c.obj
                0x200009e4                pid_aw_e_pre
 .bss.pid_aw_e_pre_pre
                0x200009e8        0x4 CMakeFiles/steer_test.elf.dir/Core/Src/PID_anti_windup.c.obj
                0x200009e8                pid_aw_e_pre_pre
 .bss.pid_aw_e_sum
                0x200009ec        0x4 CMakeFiles/steer_test.elf.dir/Core/Src/PID_anti_windup.c.obj
                0x200009ec                pid_aw_e_sum
 .bss.pid_aw_result
                0x200009f0        0x4 CMakeFiles/steer_test.elf.dir/Core/Src/PID_anti_windup.c.obj
                0x200009f0                pid_aw_result
 .bss.result_pre
                0x200009f4        0x4 CMakeFiles/steer_test.elf.dir/Core/Src/PID_anti_windup.c.obj
                0x200009f4                result_pre
 .bss.buffer    0x200009f8        0x4 CMakeFiles/steer_test.elf.dir/Core/Src/main.c.obj
                0x200009f8                buffer
 .bss.deg_sec   0x200009fc        0x4 CMakeFiles/steer_test.elf.dir/Core/Src/main.c.obj
                0x200009fc                deg_sec
 .bss.duty      0x20000a00        0x4 CMakeFiles/steer_test.elf.dir/Core/Src/main.c.obj
                0x20000a00                duty
 .bss.htim1     0x20000a04       0x4c CMakeFiles/steer_test.elf.dir/Core/Src/main.c.obj
                0x20000a04                htim1
 .bss.htim2     0x20000a50       0x4c CMakeFiles/steer_test.elf.dir/Core/Src/main.c.obj
                0x20000a50                htim2
 .bss.htim3     0x20000a9c       0x4c CMakeFiles/steer_test.elf.dir/Core/Src/main.c.obj
                0x20000a9c                htim3
 .bss.htim4     0x20000ae8       0x4c CMakeFiles/steer_test.elf.dir/Core/Src/main.c.obj
                0x20000ae8                htim4
 .bss.huart2    0x20000b34       0x90 CMakeFiles/steer_test.elf.dir/Core/Src/main.c.obj
                0x20000b34                huart2
 .bss.init_done
                0x20000bc4        0x1 CMakeFiles/steer_test.elf.dir/Core/Src/main.c.obj
                0x20000bc4                init_done
 *fill*         0x20000bc5        0x3 
 .bss.target    0x20000bc8        0x4 CMakeFiles/steer_test.elf.dir/Core/Src/main.c.obj
                0x20000bc8                target
 .bss.theta     0x20000bcc        0x4 CMakeFiles/steer_test.elf.dir/Core/Src/main.c.obj
                0x20000bcc                theta
 .bss.theta_filtered
                0x20000bd0        0x4 CMakeFiles/steer_test.elf.dir/Core/Src/main.c.obj
                0x20000bd0                theta_filtered
 .bss.htim15    0x20000bd4       0x4c CMakeFiles/steer_test.elf.dir/Core/Src/stm32g4xx_hal_timebase_tim.c.obj
                0x20000bd4                htim15
 .bss.__sbrk_heap_end
                0x20000c20        0x4 CMakeFiles/steer_test.elf.dir/Core/Src/sysmem.c.obj
 .bss.uwTick    0x20000c24        0x4 CMakeFiles/steer_test.elf.dir/Drivers/STM32G4xx_HAL_Driver/Src/stm32g4xx_hal.c.obj
                0x20000c24                uwTick
 .bss.__lock___atexit_recursive_mutex
                0x20000c28        0x1 c:/progra~2/gnuarm~1/102021~1.10/bin/../lib/gcc/arm-none-eabi/10.3.1/../../../../arm-none-eabi/lib/thumb/v7e-m+fp/hard\libg.a(lib_a-lock.o)
                0x20000c28                __lock___atexit_recursive_mutex
 *fill*         0x20000c29        0x3 
 .bss.__lock___malloc_recursive_mutex
                0x20000c2c        0x1 c:/progra~2/gnuarm~1/102021~1.10/bin/../lib/gcc/arm-none-eabi/10.3.1/../../../../arm-none-eabi/lib/thumb/v7e-m+fp/hard\libg.a(lib_a-lock.o)
                0x20000c2c                __lock___malloc_recursive_mutex
 *fill*         0x20000c2d        0x3 
 .bss.__lock___sfp_recursive_mutex
                0x20000c30        0x1 c:/progra~2/gnuarm~1/102021~1.10/bin/../lib/gcc/arm-none-eabi/10.3.1/../../../../arm-none-eabi/lib/thumb/v7e-m+fp/hard\libg.a(lib_a-lock.o)
                0x20000c30                __lock___sfp_recursive_mutex
 *fill*         0x20000c31        0x3 
 .bss.__lock___sinit_recursive_mutex
                0x20000c34        0x1 c:/progra~2/gnuarm~1/102021~1.10/bin/../lib/gcc/arm-none-eabi/10.3.1/../../../../arm-none-eabi/lib/thumb/v7e-m+fp/hard\libg.a(lib_a-lock.o)
                0x20000c34                __lock___sinit_recursive_mutex
 *fill*         0x20000c35        0x3 
 .bss.__malloc_current_mallinfo
                0x20000c38       0x28 c:/progra~2/gnuarm~1/102021~1.10/bin/../lib/gcc/arm-none-eabi/10.3.1/../../../../arm-none-eabi/lib/thumb/v7e-m+fp/hard\libg.a(lib_a-mallocr.o)
                0x20000c38                __malloc_current_mallinfo
 .bss.__malloc_max_sbrked_mem
                0x20000c60        0x4 c:/progra~2/gnuarm~1/102021~1.10/bin/../lib/gcc/arm-none-eabi/10.3.1/../../../../arm-none-eabi/lib/thumb/v7e-m+fp/hard\libg.a(lib_a-mallocr.o)
                0x20000c60                __malloc_max_sbrked_mem
 .bss.__malloc_max_total_mem
                0x20000c64        0x4 c:/progra~2/gnuarm~1/102021~1.10/bin/../lib/gcc/arm-none-eabi/10.3.1/../../../../arm-none-eabi/lib/thumb/v7e-m+fp/hard\libg.a(lib_a-mallocr.o)
                0x20000c64                __malloc_max_total_mem
 .bss.__malloc_top_pad
                0x20000c68        0x4 c:/progra~2/gnuarm~1/102021~1.10/bin/../lib/gcc/arm-none-eabi/10.3.1/../../../../arm-none-eabi/lib/thumb/v7e-m+fp/hard\libg.a(lib_a-mallocr.o)
                0x20000c68                __malloc_top_pad
 .bss.errno     0x20000c6c        0x4 c:/progra~2/gnuarm~1/102021~1.10/bin/../lib/gcc/arm-none-eabi/10.3.1/../../../../arm-none-eabi/lib/thumb/v7e-m+fp/hard\libg.a(lib_a-reent.o)
                0x20000c6c                errno
 *(COMMON)
                0x20000c70                . = ALIGN (0x4)
                0x20000c70                _ebss = .
                0x20000c70                __bss_end__ = _ebss

._user_heap_stack
                0x20000c70      0x600 load address 0x0800c3c4
                0x20000c70                . = ALIGN (0x8)
                [!provide]                PROVIDE (end = .)
                0x20000c70                PROVIDE (_end = .)
                0x20000e70                . = (. + _Min_Heap_Size)
 *fill*         0x20000c70      0x200 
                0x20001270                . = (. + _Min_Stack_Size)
 *fill*         0x20000e70      0x400 
                0x20001270                . = ALIGN (0x8)

/DISCARD/
 libc.a(*)
 libm.a(*)
 libgcc.a(*)

.ARM.attributes
                0x00000000       0x30
 *(.ARM.attributes)
 .ARM.attributes
                0x00000000       0x1e c:/progra~2/gnuarm~1/102021~1.10/bin/../lib/gcc/arm-none-eabi/10.3.1/thumb/v7e-m+fp/hard/crti.o
 .ARM.attributes
                0x0000001e       0x34 c:/progra~2/gnuarm~1/102021~1.10/bin/../lib/gcc/arm-none-eabi/10.3.1/thumb/v7e-m+fp/hard/crtbegin.o
 .ARM.attributes
                0x00000052       0x34 CMakeFiles/steer_test.elf.dir/Core/Src/PID_anti_windup.c.obj
 .ARM.attributes
                0x00000086       0x34 CMakeFiles/steer_test.elf.dir/Core/Src/main.c.obj
 .ARM.attributes
                0x000000ba       0x34 CMakeFiles/steer_test.elf.dir/Core/Src/stm32g4xx_hal_msp.c.obj
 .ARM.attributes
                0x000000ee       0x34 CMakeFiles/steer_test.elf.dir/Core/Src/stm32g4xx_hal_timebase_tim.c.obj
 .ARM.attributes
                0x00000122       0x34 CMakeFiles/steer_test.elf.dir/Core/Src/stm32g4xx_it.c.obj
 .ARM.attributes
                0x00000156       0x34 CMakeFiles/steer_test.elf.dir/Core/Src/syscalls.c.obj
 .ARM.attributes
                0x0000018a       0x34 CMakeFiles/steer_test.elf.dir/Core/Src/sysmem.c.obj
 .ARM.attributes
                0x000001be       0x34 CMakeFiles/steer_test.elf.dir/Core/Src/system_stm32g4xx.c.obj
 .ARM.attributes
                0x000001f2       0x21 CMakeFiles/steer_test.elf.dir/Core/Startup/startup_stm32g431kbtx.s.obj
 .ARM.attributes
                0x00000213       0x34 CMakeFiles/steer_test.elf.dir/Drivers/STM32G4xx_HAL_Driver/Src/stm32g4xx_hal.c.obj
 .ARM.attributes
                0x00000247       0x34 CMakeFiles/steer_test.elf.dir/Drivers/STM32G4xx_HAL_Driver/Src/stm32g4xx_hal_cortex.c.obj
 .ARM.attributes
                0x0000027b       0x34 CMakeFiles/steer_test.elf.dir/Drivers/STM32G4xx_HAL_Driver/Src/stm32g4xx_hal_dma.c.obj
 .ARM.attributes
                0x000002af       0x34 CMakeFiles/steer_test.elf.dir/Drivers/STM32G4xx_HAL_Driver/Src/stm32g4xx_hal_gpio.c.obj
 .ARM.attributes
                0x000002e3       0x34 CMakeFiles/steer_test.elf.dir/Drivers/STM32G4xx_HAL_Driver/Src/stm32g4xx_hal_pwr_ex.c.obj
 .ARM.attributes
                0x00000317       0x34 CMakeFiles/steer_test.elf.dir/Drivers/STM32G4xx_HAL_Driver/Src/stm32g4xx_hal_rcc.c.obj
 .ARM.attributes
                0x0000034b       0x34 CMakeFiles/steer_test.elf.dir/Drivers/STM32G4xx_HAL_Driver/Src/stm32g4xx_hal_rcc_ex.c.obj
 .ARM.attributes
                0x0000037f       0x34 CMakeFiles/steer_test.elf.dir/Drivers/STM32G4xx_HAL_Driver/Src/stm32g4xx_hal_tim.c.obj
 .ARM.attributes
                0x000003b3       0x34 CMakeFiles/steer_test.elf.dir/Drivers/STM32G4xx_HAL_Driver/Src/stm32g4xx_hal_tim_ex.c.obj
 .ARM.attributes
                0x000003e7       0x34 CMakeFiles/steer_test.elf.dir/Drivers/STM32G4xx_HAL_Driver/Src/stm32g4xx_hal_uart.c.obj
 .ARM.attributes
                0x0000041b       0x34 CMakeFiles/steer_test.elf.dir/Drivers/STM32G4xx_HAL_Driver/Src/stm32g4xx_hal_uart_ex.c.obj
 .ARM.attributes
                0x0000044f       0x1e c:/progra~2/gnuarm~1/102021~1.10/bin/../lib/gcc/arm-none-eabi/10.3.1/thumb/v7e-m+fp/hard\libgcc.a(_arm_addsubdf3.o)
 .ARM.attributes
                0x0000046d       0x1e c:/progra~2/gnuarm~1/102021~1.10/bin/../lib/gcc/arm-none-eabi/10.3.1/thumb/v7e-m+fp/hard\libgcc.a(_arm_truncdfsf2.o)
 .ARM.attributes
                0x0000048b       0x1e c:/progra~2/gnuarm~1/102021~1.10/bin/../lib/gcc/arm-none-eabi/10.3.1/thumb/v7e-m+fp/hard\libgcc.a(_aeabi_uldivmod.o)
 .ARM.attributes
                0x000004a9       0x34 c:/progra~2/gnuarm~1/102021~1.10/bin/../lib/gcc/arm-none-eabi/10.3.1/thumb/v7e-m+fp/hard\libgcc.a(_udivmoddi4.o)
 .ARM.attributes
                0x000004dd       0x1e c:/progra~2/gnuarm~1/102021~1.10/bin/../lib/gcc/arm-none-eabi/10.3.1/thumb/v7e-m+fp/hard\libgcc.a(_dvmd_tls.o)
 .ARM.attributes
                0x000004fb       0x34 c:/progra~2/gnuarm~1/102021~1.10/bin/../lib/gcc/arm-none-eabi/10.3.1/../../../../arm-none-eabi/lib/thumb/v7e-m+fp/hard\libg.a(lib_a-atoi.o)
 .ARM.attributes
                0x0000052f       0x34 c:/progra~2/gnuarm~1/102021~1.10/bin/../lib/gcc/arm-none-eabi/10.3.1/../../../../arm-none-eabi/lib/thumb/v7e-m+fp/hard\libg.a(lib_a-errno.o)
 .ARM.attributes
                0x00000563       0x34 c:/progra~2/gnuarm~1/102021~1.10/bin/../lib/gcc/arm-none-eabi/10.3.1/../../../../arm-none-eabi/lib/thumb/v7e-m+fp/hard\libg.a(lib_a-impure.o)
 .ARM.attributes
                0x00000597       0x34 c:/progra~2/gnuarm~1/102021~1.10/bin/../lib/gcc/arm-none-eabi/10.3.1/../../../../arm-none-eabi/lib/thumb/v7e-m+fp/hard\libg.a(lib_a-init.o)
 .ARM.attributes
                0x000005cb       0x34 c:/progra~2/gnuarm~1/102021~1.10/bin/../lib/gcc/arm-none-eabi/10.3.1/../../../../arm-none-eabi/lib/thumb/v7e-m+fp/hard\libg.a(lib_a-memset.o)
 .ARM.attributes
                0x000005ff       0x34 c:/progra~2/gnuarm~1/102021~1.10/bin/../lib/gcc/arm-none-eabi/10.3.1/../../../../arm-none-eabi/lib/thumb/v7e-m+fp/hard\libg.a(lib_a-printf.o)
 .ARM.attributes
                0x00000633       0x34 c:/progra~2/gnuarm~1/102021~1.10/bin/../lib/gcc/arm-none-eabi/10.3.1/../../../../arm-none-eabi/lib/thumb/v7e-m+fp/hard\libg.a(lib_a-puts.o)
 .ARM.attributes
                0x00000667       0x34 c:/progra~2/gnuarm~1/102021~1.10/bin/../lib/gcc/arm-none-eabi/10.3.1/../../../../arm-none-eabi/lib/thumb/v7e-m+fp/hard\libg.a(lib_a-setbuf.o)
 .ARM.attributes
                0x0000069b       0x34 c:/progra~2/gnuarm~1/102021~1.10/bin/../lib/gcc/arm-none-eabi/10.3.1/../../../../arm-none-eabi/lib/thumb/v7e-m+fp/hard\libg.a(lib_a-setvbuf.o)
 .ARM.attributes
                0x000006cf       0x1c c:/progra~2/gnuarm~1/102021~1.10/bin/../lib/gcc/arm-none-eabi/10.3.1/../../../../arm-none-eabi/lib/thumb/v7e-m+fp/hard\libg.a(lib_a-strlen.o)
 .ARM.attributes
                0x000006eb       0x34 c:/progra~2/gnuarm~1/102021~1.10/bin/../lib/gcc/arm-none-eabi/10.3.1/../../../../arm-none-eabi/lib/thumb/v7e-m+fp/hard\libg.a(lib_a-strtol.o)
 .ARM.attributes
                0x0000071f       0x34 c:/progra~2/gnuarm~1/102021~1.10/bin/../lib/gcc/arm-none-eabi/10.3.1/../../../../arm-none-eabi/lib/thumb/v7e-m+fp/hard\libg.a(lib_a-vfprintf.o)
 .ARM.attributes
                0x00000753       0x34 c:/progra~2/gnuarm~1/102021~1.10/bin/../lib/gcc/arm-none-eabi/10.3.1/../../../../arm-none-eabi/lib/thumb/v7e-m+fp/hard\libg.a(lib_a-wsetup.o)
 .ARM.attributes
                0x00000787       0x34 c:/progra~2/gnuarm~1/102021~1.10/bin/../lib/gcc/arm-none-eabi/10.3.1/../../../../arm-none-eabi/lib/thumb/v7e-m+fp/hard\libg.a(lib_a-__call_atexit.o)
 .ARM.attributes
                0x000007bb       0x34 c:/progra~2/gnuarm~1/102021~1.10/bin/../lib/gcc/arm-none-eabi/10.3.1/../../../../arm-none-eabi/lib/thumb/v7e-m+fp/hard\libg.a(lib_a-atexit.o)
 .ARM.attributes
                0x000007ef       0x34 c:/progra~2/gnuarm~1/102021~1.10/bin/../lib/gcc/arm-none-eabi/10.3.1/../../../../arm-none-eabi/lib/thumb/v7e-m+fp/hard\libg.a(lib_a-ctype_.o)
 .ARM.attributes
                0x00000823       0x34 c:/progra~2/gnuarm~1/102021~1.10/bin/../lib/gcc/arm-none-eabi/10.3.1/../../../../arm-none-eabi/lib/thumb/v7e-m+fp/hard\libg.a(lib_a-dtoa.o)
 .ARM.attributes
                0x00000857       0x34 c:/progra~2/gnuarm~1/102021~1.10/bin/../lib/gcc/arm-none-eabi/10.3.1/../../../../arm-none-eabi/lib/thumb/v7e-m+fp/hard\libg.a(lib_a-fflush.o)
 .ARM.attributes
                0x0000088b       0x34 c:/progra~2/gnuarm~1/102021~1.10/bin/../lib/gcc/arm-none-eabi/10.3.1/../../../../arm-none-eabi/lib/thumb/v7e-m+fp/hard\libg.a(lib_a-findfp.o)
 .ARM.attributes
                0x000008bf       0x34 c:/progra~2/gnuarm~1/102021~1.10/bin/../lib/gcc/arm-none-eabi/10.3.1/../../../../arm-none-eabi/lib/thumb/v7e-m+fp/hard\libg.a(lib_a-fini.o)
 .ARM.attributes
                0x000008f3       0x34 c:/progra~2/gnuarm~1/102021~1.10/bin/../lib/gcc/arm-none-eabi/10.3.1/../../../../arm-none-eabi/lib/thumb/v7e-m+fp/hard\libg.a(lib_a-freer.o)
 .ARM.attributes
                0x00000927       0x34 c:/progra~2/gnuarm~1/102021~1.10/bin/../lib/gcc/arm-none-eabi/10.3.1/../../../../arm-none-eabi/lib/thumb/v7e-m+fp/hard\libg.a(lib_a-fvwrite.o)
 .ARM.attributes
                0x0000095b       0x34 c:/progra~2/gnuarm~1/102021~1.10/bin/../lib/gcc/arm-none-eabi/10.3.1/../../../../arm-none-eabi/lib/thumb/v7e-m+fp/hard\libg.a(lib_a-fwalk.o)
 .ARM.attributes
                0x0000098f       0x34 c:/progra~2/gnuarm~1/102021~1.10/bin/../lib/gcc/arm-none-eabi/10.3.1/../../../../arm-none-eabi/lib/thumb/v7e-m+fp/hard\libg.a(lib_a-localeconv.o)
 .ARM.attributes
                0x000009c3       0x34 c:/progra~2/gnuarm~1/102021~1.10/bin/../lib/gcc/arm-none-eabi/10.3.1/../../../../arm-none-eabi/lib/thumb/v7e-m+fp/hard\libg.a(lib_a-lock.o)
 .ARM.attributes
                0x000009f7       0x34 c:/progra~2/gnuarm~1/102021~1.10/bin/../lib/gcc/arm-none-eabi/10.3.1/../../../../arm-none-eabi/lib/thumb/v7e-m+fp/hard\libg.a(lib_a-makebuf.o)
 .ARM.attributes
                0x00000a2b       0x34 c:/progra~2/gnuarm~1/102021~1.10/bin/../lib/gcc/arm-none-eabi/10.3.1/../../../../arm-none-eabi/lib/thumb/v7e-m+fp/hard\libg.a(lib_a-malloc.o)
 .ARM.attributes
                0x00000a5f       0x34 c:/progra~2/gnuarm~1/102021~1.10/bin/../lib/gcc/arm-none-eabi/10.3.1/../../../../arm-none-eabi/lib/thumb/v7e-m+fp/hard\libg.a(lib_a-mallocr.o)
 .ARM.attributes
                0x00000a93       0x1c c:/progra~2/gnuarm~1/102021~1.10/bin/../lib/gcc/arm-none-eabi/10.3.1/../../../../arm-none-eabi/lib/thumb/v7e-m+fp/hard\libg.a(lib_a-memchr.o)
 .ARM.attributes
                0x00000aaf       0x1c c:/progra~2/gnuarm~1/102021~1.10/bin/../lib/gcc/arm-none-eabi/10.3.1/../../../../arm-none-eabi/lib/thumb/v7e-m+fp/hard\libg.a(lib_a-memcpy.o)
 .ARM.attributes
                0x00000acb       0x34 c:/progra~2/gnuarm~1/102021~1.10/bin/../lib/gcc/arm-none-eabi/10.3.1/../../../../arm-none-eabi/lib/thumb/v7e-m+fp/hard\libg.a(lib_a-memmove.o)
 .ARM.attributes
                0x00000aff       0x34 c:/progra~2/gnuarm~1/102021~1.10/bin/../lib/gcc/arm-none-eabi/10.3.1/../../../../arm-none-eabi/lib/thumb/v7e-m+fp/hard\libg.a(lib_a-mlock.o)
 .ARM.attributes
                0x00000b33       0x34 c:/progra~2/gnuarm~1/102021~1.10/bin/../lib/gcc/arm-none-eabi/10.3.1/../../../../arm-none-eabi/lib/thumb/v7e-m+fp/hard\libg.a(lib_a-mprec.o)
 .ARM.attributes
                0x00000b67       0x34 c:/progra~2/gnuarm~1/102021~1.10/bin/../lib/gcc/arm-none-eabi/10.3.1/../../../../arm-none-eabi/lib/thumb/v7e-m+fp/hard\libg.a(lib_a-reallocr.o)
 .ARM.attributes
                0x00000b9b       0x34 c:/progra~2/gnuarm~1/102021~1.10/bin/../lib/gcc/arm-none-eabi/10.3.1/../../../../arm-none-eabi/lib/thumb/v7e-m+fp/hard\libg.a(lib_a-s_frexp.o)
 .ARM.attributes
                0x00000bcf       0x34 c:/progra~2/gnuarm~1/102021~1.10/bin/../lib/gcc/arm-none-eabi/10.3.1/../../../../arm-none-eabi/lib/thumb/v7e-m+fp/hard\libg.a(lib_a-sbrkr.o)
 .ARM.attributes
                0x00000c03       0x34 c:/progra~2/gnuarm~1/102021~1.10/bin/../lib/gcc/arm-none-eabi/10.3.1/../../../../arm-none-eabi/lib/thumb/v7e-m+fp/hard\libg.a(lib_a-stdio.o)
 .ARM.attributes
                0x00000c37       0x34 c:/progra~2/gnuarm~1/102021~1.10/bin/../lib/gcc/arm-none-eabi/10.3.1/../../../../arm-none-eabi/lib/thumb/v7e-m+fp/hard\libg.a(lib_a-strncpy.o)
 .ARM.attributes
                0x00000c6b       0x34 c:/progra~2/gnuarm~1/102021~1.10/bin/../lib/gcc/arm-none-eabi/10.3.1/../../../../arm-none-eabi/lib/thumb/v7e-m+fp/hard\libg.a(lib_a-vfiprintf.o)
 .ARM.attributes
                0x00000c9f       0x34 c:/progra~2/gnuarm~1/102021~1.10/bin/../lib/gcc/arm-none-eabi/10.3.1/../../../../arm-none-eabi/lib/thumb/v7e-m+fp/hard\libg.a(lib_a-writer.o)
 .ARM.attributes
                0x00000cd3       0x34 c:/progra~2/gnuarm~1/102021~1.10/bin/../lib/gcc/arm-none-eabi/10.3.1/../../../../arm-none-eabi/lib/thumb/v7e-m+fp/hard\libg.a(lib_a-__atexit.o)
 .ARM.attributes
                0x00000d07       0x34 c:/progra~2/gnuarm~1/102021~1.10/bin/../lib/gcc/arm-none-eabi/10.3.1/../../../../arm-none-eabi/lib/thumb/v7e-m+fp/hard\libg.a(lib_a-assert.o)
 .ARM.attributes
                0x00000d3b       0x34 c:/progra~2/gnuarm~1/102021~1.10/bin/../lib/gcc/arm-none-eabi/10.3.1/../../../../arm-none-eabi/lib/thumb/v7e-m+fp/hard\libg.a(lib_a-callocr.o)
 .ARM.attributes
                0x00000d6f       0x34 c:/progra~2/gnuarm~1/102021~1.10/bin/../lib/gcc/arm-none-eabi/10.3.1/../../../../arm-none-eabi/lib/thumb/v7e-m+fp/hard\libg.a(lib_a-closer.o)
 .ARM.attributes
                0x00000da3       0x34 c:/progra~2/gnuarm~1/102021~1.10/bin/../lib/gcc/arm-none-eabi/10.3.1/../../../../arm-none-eabi/lib/thumb/v7e-m+fp/hard\libg.a(lib_a-fclose.o)
 .ARM.attributes
                0x00000dd7       0x34 c:/progra~2/gnuarm~1/102021~1.10/bin/../lib/gcc/arm-none-eabi/10.3.1/../../../../arm-none-eabi/lib/thumb/v7e-m+fp/hard\libg.a(lib_a-fiprintf.o)
 .ARM.attributes
                0x00000e0b       0x34 c:/progra~2/gnuarm~1/102021~1.10/bin/../lib/gcc/arm-none-eabi/10.3.1/../../../../arm-none-eabi/lib/thumb/v7e-m+fp/hard\libg.a(lib_a-fputwc.o)
 .ARM.attributes
                0x00000e3f       0x34 c:/progra~2/gnuarm~1/102021~1.10/bin/../lib/gcc/arm-none-eabi/10.3.1/../../../../arm-none-eabi/lib/thumb/v7e-m+fp/hard\libg.a(lib_a-fstatr.o)
 .ARM.attributes
                0x00000e73       0x34 c:/progra~2/gnuarm~1/102021~1.10/bin/../lib/gcc/arm-none-eabi/10.3.1/../../../../arm-none-eabi/lib/thumb/v7e-m+fp/hard\libg.a(lib_a-isattyr.o)
 .ARM.attributes
                0x00000ea7       0x34 c:/progra~2/gnuarm~1/102021~1.10/bin/../lib/gcc/arm-none-eabi/10.3.1/../../../../arm-none-eabi/lib/thumb/v7e-m+fp/hard\libg.a(lib_a-locale.o)
 .ARM.attributes
                0x00000edb       0x34 c:/progra~2/gnuarm~1/102021~1.10/bin/../lib/gcc/arm-none-eabi/10.3.1/../../../../arm-none-eabi/lib/thumb/v7e-m+fp/hard\libg.a(lib_a-lseekr.o)
 .ARM.attributes
                0x00000f0f       0x34 c:/progra~2/gnuarm~1/102021~1.10/bin/../lib/gcc/arm-none-eabi/10.3.1/../../../../arm-none-eabi/lib/thumb/v7e-m+fp/hard\libg.a(lib_a-mbtowc_r.o)
 .ARM.attributes
                0x00000f43       0x34 c:/progra~2/gnuarm~1/102021~1.10/bin/../lib/gcc/arm-none-eabi/10.3.1/../../../../arm-none-eabi/lib/thumb/v7e-m+fp/hard\libg.a(lib_a-readr.o)